[0.008s] Invoking command in '/home/sun/Documents/GitHub/kungshu_hardware_arm/build/kungshu_hardware_arm': CMAKE_PREFIX_PATH=/opt/ros/humble /usr/bin/cmake /home/sun/Documents/GitHub/kungshu_hardware_arm -DCMAKE_INSTALL_PREFIX=/home/sun/Documents/GitHub/kungshu_hardware_arm/install/kungshu_hardware_arm
[0.034s] CMake Deprecation Warning at CMakeLists.txt:1 (cmake_minimum_required):
[0.034s]   Compatibility with CMake < 3.10 will be removed from a future version of
[0.034s]   CMake.
[0.034s] 
[0.034s]   Update the VERSION argument <min> value.  Or, use the <min>...<max> syntax
[0.034s]   to tell CMake that the project requires at least <min> but has been updated
[0.034s]   to work with policies introduced by <max> or earlier.
[0.035s] 
[0.035s] 
[0.046s] -- Found ament_cmake: 1.3.14 (/opt/ros/humble/share/ament_cmake/cmake)
[0.174s] -- Found Python3: /usr/bin/python3 (found version "3.10.12") found components: Interpreter
[0.293s] -- Found rclcpp: 16.0.19 (/opt/ros/humble/share/rclcpp/cmake)
[0.358s] -- Found rosidl_generator_c: 3.1.8 (/opt/ros/humble/share/rosidl_generator_c/cmake)
[0.364s] -- Found rosidl_adapter: 3.1.8 (/opt/ros/humble/share/rosidl_adapter/cmake)
[0.380s] -- Found rosidl_generator_cpp: 3.1.8 (/opt/ros/humble/share/rosidl_generator_cpp/cmake)
[0.398s] -- Using all available rosidl_typesupport_c: rosidl_typesupport_fastrtps_c;rosidl_typesupport_introspection_c
[0.420s] -- Using all available rosidl_typesupport_cpp: rosidl_typesupport_fastrtps_cpp;rosidl_typesupport_introspection_cpp
[0.483s] -- Found rmw_implementation_cmake: 6.1.2 (/opt/ros/humble/share/rmw_implementation_cmake/cmake)
[0.486s] -- Found rmw_fastrtps_cpp: 6.2.10 (/opt/ros/humble/share/rmw_fastrtps_cpp/cmake)
[0.576s] -- Found OpenSSL: /usr/lib/x86_64-linux-gnu/libcrypto.so (found version "3.0.2")
[0.614s] -- Found FastRTPS: /opt/ros/humble/include
[0.668s] -- Using RMW implementation 'rmw_fastrtps_cpp' as default
[0.679s] -- Performing Test CMAKE_HAVE_LIBC_PTHREAD
[0.732s] -- Performing Test CMAKE_HAVE_LIBC_PTHREAD - Success
[0.733s] -- Found Threads: TRUE
[0.819s] CMake Error at CMakeLists.txt:15 (find_package):
[0.819s]   By not providing "Findkungshu_msgs.cmake" in CMAKE_MODULE_PATH this project
[0.819s]   has asked CMake to find a package configuration file provided by
[0.819s]   "kungshu_msgs", but CMake did not find one.
[0.820s] 
[0.820s]   Could not find a package configuration file provided by "kungshu_msgs" with
[0.820s]   any of the following names:
[0.820s] 
[0.820s]     kungshu_msgs.cps
[0.820s]     kungshu_msgsConfig.cmake
[0.820s]     kungshu_msgs-config.cmake
[0.820s] 
[0.820s]   Add the installation prefix of "kungshu_msgs" to CMAKE_PREFIX_PATH or set
[0.820s]   "kungshu_msgs_DIR" to a directory containing one of the above files.  If
[0.820s]   "kungshu_msgs" provides a separate development package or SDK, be sure it
[0.821s]   has been installed.
[0.821s] 
[0.821s] 
[0.821s] -- Configuring incomplete, errors occurred!
[0.828s] Invoked command in '/home/sun/Documents/GitHub/kungshu_hardware_arm/build/kungshu_hardware_arm' returned '1': CMAKE_PREFIX_PATH=/opt/ros/humble /usr/bin/cmake /home/sun/Documents/GitHub/kungshu_hardware_arm -DCMAKE_INSTALL_PREFIX=/home/sun/Documents/GitHub/kungshu_hardware_arm/install/kungshu_hardware_arm
