[0.015s] Invoking command in '/home/sun/Documents/GitHub/kungshu_hardware_arm/build/kungshu_hardware_arm': CMAKE_PREFIX_PATH=${CMAKE_PREFIX_PATH}:/opt/ros/humble /usr/bin/cmake /home/sun/Documents/GitHub/kungshu_hardware_arm -DCMAKE_VERBOSE_MAKEFILE=ON -DCMAKE_INSTALL_PREFIX=/home/sun/Documents/GitHub/kungshu_hardware_arm/install/kungshu_hardware_arm
[0.040s] CMake Deprecation Warning at CMakeLists.txt:1 (cmake_minimum_required):
[0.040s]   Compatibility with CMake < 3.10 will be removed from a future version of
[0.040s]   CMake.
[0.040s] 
[0.040s]   Update the VERSION argument <min> value.  Or, use the <min>...<max> syntax
[0.040s]   to tell CMake that the project requires at least <min> but has been updated
[0.040s]   to work with policies introduced by <max> or earlier.
[0.040s] 
[0.040s] 
[0.049s] -- Found ament_cmake: 1.3.14 (/opt/ros/humble/share/ament_cmake/cmake)
[0.323s] -- Found rclcpp: 16.0.19 (/opt/ros/humble/share/rclcpp/cmake)
[0.365s] -- Found rosidl_generator_c: 3.1.8 (/opt/ros/humble/share/rosidl_generator_c/cmake)
[0.367s] -- Found rosidl_adapter: 3.1.8 (/opt/ros/humble/share/rosidl_adapter/cmake)
[0.373s] -- Found rosidl_generator_cpp: 3.1.8 (/opt/ros/humble/share/rosidl_generator_cpp/cmake)
[0.382s] -- Using all available rosidl_typesupport_c: rosidl_typesupport_fastrtps_c;rosidl_typesupport_introspection_c
[0.393s] -- Using all available rosidl_typesupport_cpp: rosidl_typesupport_fastrtps_cpp;rosidl_typesupport_introspection_cpp
[0.434s] -- Found rmw_implementation_cmake: 6.1.2 (/opt/ros/humble/share/rmw_implementation_cmake/cmake)
[0.435s] -- Found rmw_fastrtps_cpp: 6.2.10 (/opt/ros/humble/share/rmw_fastrtps_cpp/cmake)
[0.566s] -- Using RMW implementation 'rmw_fastrtps_cpp' as default
[0.631s] -- Found kungshu_msgs: 0.0.1 (/home/sun/Documents/catkin_work/install/kungshu_msgs/share/kungshu_msgs/cmake)
[0.697s] -- Found example_interfaces: 0.9.3 (/opt/ros/humble/share/example_interfaces/cmake)
[0.757s] -- Found ament_lint_auto: 0.12.15 (/opt/ros/humble/share/ament_lint_auto/cmake)
[0.841s] -- Added test 'cppcheck' to perform static code analysis on C / C++ code
[0.841s] -- Configured cppcheck include dirs: $<BUILD_INTERFACE:/home/sun/Documents/GitHub/kungshu_hardware_arm/include>
[0.842s] -- Configured cppcheck exclude dirs and/or files: 
[0.844s] -- Added test 'flake8' to check Python code syntax and style conventions
[0.848s] -- Added test 'lint_cmake' to check CMake code style
[0.851s] -- Added test 'pep257' to check Python code against some of the docstring style conventions in PEP 257
[0.871s] -- Added test 'uncrustify' to check C / C++ code style
[0.871s] -- Configured uncrustify additional arguments: 
[0.873s] -- Added test 'xmllint' to check XML markup files
[0.875s] -- Configuring done (0.9s)
[0.901s] -- Generating done (0.0s)
[0.933s] -- Build files have been written to: /home/sun/Documents/GitHub/kungshu_hardware_arm/build/kungshu_hardware_arm
[0.942s] Invoked command in '/home/sun/Documents/GitHub/kungshu_hardware_arm/build/kungshu_hardware_arm' returned '0': CMAKE_PREFIX_PATH=${CMAKE_PREFIX_PATH}:/opt/ros/humble /usr/bin/cmake /home/sun/Documents/GitHub/kungshu_hardware_arm -DCMAKE_VERBOSE_MAKEFILE=ON -DCMAKE_INSTALL_PREFIX=/home/sun/Documents/GitHub/kungshu_hardware_arm/install/kungshu_hardware_arm
[0.944s] Invoking command in '/home/sun/Documents/GitHub/kungshu_hardware_arm/build/kungshu_hardware_arm': CMAKE_PREFIX_PATH=${CMAKE_PREFIX_PATH}:/opt/ros/humble /usr/bin/cmake --build /home/sun/Documents/GitHub/kungshu_hardware_arm/build/kungshu_hardware_arm -- -j16 -l16
[0.947s] Change Dir: '/home/sun/Documents/GitHub/kungshu_hardware_arm/build/kungshu_hardware_arm'
[0.947s] 
[0.947s] Run Build Command(s): /usr/bin/cmake -E env VERBOSE=1 /usr/bin/gmake -f Makefile -j16 -l16
[0.951s] /usr/bin/cmake -S/home/sun/Documents/GitHub/kungshu_hardware_arm -B/home/sun/Documents/GitHub/kungshu_hardware_arm/build/kungshu_hardware_arm --check-build-system CMakeFiles/Makefile.cmake 0
[0.958s] /usr/bin/cmake -E cmake_progress_start /home/sun/Documents/GitHub/kungshu_hardware_arm/build/kungshu_hardware_arm/CMakeFiles /home/sun/Documents/GitHub/kungshu_hardware_arm/build/kungshu_hardware_arm//CMakeFiles/progress.marks
[0.962s] /usr/bin/gmake  -f CMakeFiles/Makefile2 all
[0.963s] gmake[1]: Entering directory '/home/sun/Documents/GitHub/kungshu_hardware_arm/build/kungshu_hardware_arm'
[0.964s] /usr/bin/gmake  -f CMakeFiles/arm_node.dir/build.make CMakeFiles/arm_node.dir/depend
[0.964s] /usr/bin/gmake  -f CMakeFiles/test_movej.dir/build.make CMakeFiles/test_movej.dir/depend
[0.964s] /usr/bin/gmake  -f CMakeFiles/hand_test.dir/build.make CMakeFiles/hand_test.dir/depend
[0.965s] gmake[2]: Entering directory '/home/sun/Documents/GitHub/kungshu_hardware_arm/build/kungshu_hardware_arm'
[0.965s] cd /home/sun/Documents/GitHub/kungshu_hardware_arm/build/kungshu_hardware_arm && /usr/bin/cmake -E cmake_depends "Unix Makefiles" /home/sun/Documents/GitHub/kungshu_hardware_arm /home/sun/Documents/GitHub/kungshu_hardware_arm /home/sun/Documents/GitHub/kungshu_hardware_arm/build/kungshu_hardware_arm /home/sun/Documents/GitHub/kungshu_hardware_arm/build/kungshu_hardware_arm /home/sun/Documents/GitHub/kungshu_hardware_arm/build/kungshu_hardware_arm/CMakeFiles/arm_node.dir/DependInfo.cmake "--color=" arm_node
[0.965s] gmake[2]: Entering directory '/home/sun/Documents/GitHub/kungshu_hardware_arm/build/kungshu_hardware_arm'
[0.965s] cd /home/sun/Documents/GitHub/kungshu_hardware_arm/build/kungshu_hardware_arm && /usr/bin/cmake -E cmake_depends "Unix Makefiles" /home/sun/Documents/GitHub/kungshu_hardware_arm /home/sun/Documents/GitHub/kungshu_hardware_arm /home/sun/Documents/GitHub/kungshu_hardware_arm/build/kungshu_hardware_arm /home/sun/Documents/GitHub/kungshu_hardware_arm/build/kungshu_hardware_arm /home/sun/Documents/GitHub/kungshu_hardware_arm/build/kungshu_hardware_arm/CMakeFiles/test_movej.dir/DependInfo.cmake "--color=" test_movej
[0.966s] gmake[2]: Entering directory '/home/sun/Documents/GitHub/kungshu_hardware_arm/build/kungshu_hardware_arm'
[0.966s] cd /home/sun/Documents/GitHub/kungshu_hardware_arm/build/kungshu_hardware_arm && /usr/bin/cmake -E cmake_depends "Unix Makefiles" /home/sun/Documents/GitHub/kungshu_hardware_arm /home/sun/Documents/GitHub/kungshu_hardware_arm /home/sun/Documents/GitHub/kungshu_hardware_arm/build/kungshu_hardware_arm /home/sun/Documents/GitHub/kungshu_hardware_arm/build/kungshu_hardware_arm /home/sun/Documents/GitHub/kungshu_hardware_arm/build/kungshu_hardware_arm/CMakeFiles/hand_test.dir/DependInfo.cmake "--color=" hand_test
[0.970s] gmake[2]: Leaving directory '/home/sun/Documents/GitHub/kungshu_hardware_arm/build/kungshu_hardware_arm'
[0.970s] /usr/bin/gmake  -f CMakeFiles/arm_node.dir/build.make CMakeFiles/arm_node.dir/build
[0.970s] gmake[2]: Leaving directory '/home/sun/Documents/GitHub/kungshu_hardware_arm/build/kungshu_hardware_arm'
[0.970s] /usr/bin/gmake  -f CMakeFiles/test_movej.dir/build.make CMakeFiles/test_movej.dir/build
[0.970s] gmake[2]: Leaving directory '/home/sun/Documents/GitHub/kungshu_hardware_arm/build/kungshu_hardware_arm'
[0.970s] /usr/bin/gmake  -f CMakeFiles/hand_test.dir/build.make CMakeFiles/hand_test.dir/build
[0.971s] gmake[2]: Entering directory '/home/sun/Documents/GitHub/kungshu_hardware_arm/build/kungshu_hardware_arm'
[0.971s] gmake[2]: Entering directory '/home/sun/Documents/GitHub/kungshu_hardware_arm/build/kungshu_hardware_arm'
[0.972s] gmake[2]: Entering directory '/home/sun/Documents/GitHub/kungshu_hardware_arm/build/kungshu_hardware_arm'
[0.976s] [ 11%] Building CXX object CMakeFiles/arm_node.dir/src/main.cpp.o
[0.976s] [ 44%] Building CXX object CMakeFiles/arm_node.dir/src/fieldbus.cpp.o
[0.976s] [ 44%] Building CXX object CMakeFiles/test_movej.dir/src/test_movej.cpp.o
[0.976s] [ 44%] Building CXX object CMakeFiles/arm_node.dir/src/drive.cpp.o
[0.976s] [ 55%] Building CXX object CMakeFiles/hand_test.dir/src/hand_test.cpp.o
[0.977s] /usr/bin/c++ -DDEFAULT_RMW_IMPLEMENTATION=rmw_fastrtps_cpp -DFASTCDR_DYN_LINK -DFMT_LOCALE -DFMT_SHARED -DRCUTILS_ENABLE_FAULT_INJECTION -DSPDLOG_COMPILED_LIB -DSPDLOG_FMT_EXTERNAL -DSPDLOG_SHARED_LIB -I/home/sun/Documents/GitHub/kungshu_hardware_arm/include -isystem /opt/ros/humble/include/rclcpp -isystem /home/sun/Documents/catkin_work/install/kungshu_msgs/include/kungshu_msgs -isystem /opt/ros/humble/include -isystem /home/sun/Documents/GitHub/kungshu_hardware_arm/third_party/soem-2.0.0-Linux-x86_64/include -isystem /home/sun/Documents/GitHub/kungshu_hardware_arm/third_party/soem-2.0.0-Linux-x86_64/include/soem -isystem /opt/ros/humble/include/ament_index_cpp -isystem /opt/ros/humble/include/libstatistics_collector -isystem /opt/ros/humble/include/builtin_interfaces -isystem /opt/ros/humble/include/rosidl_runtime_c -isystem /opt/ros/humble/include/rcutils -isystem /opt/ros/humble/include/rosidl_typesupport_interface -isystem /opt/ros/humble/include/fastcdr -isystem /opt/ros/humble/include/rosidl_runtime_cpp -isystem /opt/ros/humble/include/rosidl_typesupport_fastrtps_cpp -isystem /opt/ros/humble/include/rmw -isystem /opt/ros/humble/include/rosidl_typesupport_fastrtps_c -isystem /opt/ros/humble/include/rosidl_typesupport_introspection_c -isystem /opt/ros/humble/include/rosidl_typesupport_introspection_cpp -isystem /opt/ros/humble/include/rcl -isystem /opt/ros/humble/include/rcl_interfaces -isystem /opt/ros/humble/include/rcl_logging_interface -isystem /opt/ros/humble/include/rcl_yaml_param_parser -isystem /opt/ros/humble/include/libyaml_vendor -isystem /opt/ros/humble/include/tracetools -isystem /opt/ros/humble/include/rcpputils -isystem /opt/ros/humble/include/statistics_msgs -isystem /opt/ros/humble/include/rosgraph_msgs -isystem /opt/ros/humble/include/rosidl_typesupport_cpp -isystem /opt/ros/humble/include/rosidl_typesupport_c -isystem /opt/ros/humble/include/std_msgs -isystem /opt/ros/humble/include/geometry_msgs -isystem /opt/ros/humble/include/sensor_msgs -Wall -Wextra -Wpedantic -MD -MT CMakeFiles/arm_node.dir/src/main.cpp.o -MF CMakeFiles/arm_node.dir/src/main.cpp.o.d -o CMakeFiles/arm_node.dir/src/main.cpp.o -c /home/sun/Documents/GitHub/kungshu_hardware_arm/src/main.cpp
[0.977s] [ 66%] Building CXX object CMakeFiles/arm_node.dir/src/arm_node.cpp.o
[0.977s] /usr/bin/c++ -DDEFAULT_RMW_IMPLEMENTATION=rmw_fastrtps_cpp -DFASTCDR_DYN_LINK -DRCUTILS_ENABLE_FAULT_INJECTION -isystem /opt/ros/humble/include/rclcpp -isystem /home/sun/Documents/catkin_work/install/kungshu_msgs/include/kungshu_msgs -isystem /opt/ros/humble/include/ament_index_cpp -isystem /opt/ros/humble/include/libstatistics_collector -isystem /opt/ros/humble/include/builtin_interfaces -isystem /opt/ros/humble/include/rosidl_runtime_c -isystem /opt/ros/humble/include/rcutils -isystem /opt/ros/humble/include/rosidl_typesupport_interface -isystem /opt/ros/humble/include/fastcdr -isystem /opt/ros/humble/include/rosidl_runtime_cpp -isystem /opt/ros/humble/include/rosidl_typesupport_fastrtps_cpp -isystem /opt/ros/humble/include/rmw -isystem /opt/ros/humble/include/rosidl_typesupport_fastrtps_c -isystem /opt/ros/humble/include/rosidl_typesupport_introspection_c -isystem /opt/ros/humble/include/rosidl_typesupport_introspection_cpp -isystem /opt/ros/humble/include/rcl -isystem /opt/ros/humble/include/rcl_interfaces -isystem /opt/ros/humble/include/rcl_logging_interface -isystem /opt/ros/humble/include/rcl_yaml_param_parser -isystem /opt/ros/humble/include/libyaml_vendor -isystem /opt/ros/humble/include/tracetools -isystem /opt/ros/humble/include/rcpputils -isystem /opt/ros/humble/include/statistics_msgs -isystem /opt/ros/humble/include/rosgraph_msgs -isystem /opt/ros/humble/include/rosidl_typesupport_cpp -isystem /opt/ros/humble/include/rosidl_typesupport_c -isystem /opt/ros/humble/include/std_msgs -isystem /opt/ros/humble/include/geometry_msgs -isystem /opt/ros/humble/include/sensor_msgs -Wall -Wextra -Wpedantic -MD -MT CMakeFiles/test_movej.dir/src/test_movej.cpp.o -MF CMakeFiles/test_movej.dir/src/test_movej.cpp.o.d -o CMakeFiles/test_movej.dir/src/test_movej.cpp.o -c /home/sun/Documents/GitHub/kungshu_hardware_arm/src/test_movej.cpp
[0.977s] /usr/bin/c++ -DDEFAULT_RMW_IMPLEMENTATION=rmw_fastrtps_cpp -DFASTCDR_DYN_LINK -DFMT_LOCALE -DFMT_SHARED -DRCUTILS_ENABLE_FAULT_INJECTION -DSPDLOG_COMPILED_LIB -DSPDLOG_FMT_EXTERNAL -DSPDLOG_SHARED_LIB -I/home/sun/Documents/GitHub/kungshu_hardware_arm/include -isystem /opt/ros/humble/include/rclcpp -isystem /home/sun/Documents/catkin_work/install/kungshu_msgs/include/kungshu_msgs -isystem /opt/ros/humble/include -isystem /home/sun/Documents/GitHub/kungshu_hardware_arm/third_party/soem-2.0.0-Linux-x86_64/include -isystem /home/sun/Documents/GitHub/kungshu_hardware_arm/third_party/soem-2.0.0-Linux-x86_64/include/soem -isystem /opt/ros/humble/include/ament_index_cpp -isystem /opt/ros/humble/include/libstatistics_collector -isystem /opt/ros/humble/include/builtin_interfaces -isystem /opt/ros/humble/include/rosidl_runtime_c -isystem /opt/ros/humble/include/rcutils -isystem /opt/ros/humble/include/rosidl_typesupport_interface -isystem /opt/ros/humble/include/fastcdr -isystem /opt/ros/humble/include/rosidl_runtime_cpp -isystem /opt/ros/humble/include/rosidl_typesupport_fastrtps_cpp -isystem /opt/ros/humble/include/rmw -isystem /opt/ros/humble/include/rosidl_typesupport_fastrtps_c -isystem /opt/ros/humble/include/rosidl_typesupport_introspection_c -isystem /opt/ros/humble/include/rosidl_typesupport_introspection_cpp -isystem /opt/ros/humble/include/rcl -isystem /opt/ros/humble/include/rcl_interfaces -isystem /opt/ros/humble/include/rcl_logging_interface -isystem /opt/ros/humble/include/rcl_yaml_param_parser -isystem /opt/ros/humble/include/libyaml_vendor -isystem /opt/ros/humble/include/tracetools -isystem /opt/ros/humble/include/rcpputils -isystem /opt/ros/humble/include/statistics_msgs -isystem /opt/ros/humble/include/rosgraph_msgs -isystem /opt/ros/humble/include/rosidl_typesupport_cpp -isystem /opt/ros/humble/include/rosidl_typesupport_c -isystem /opt/ros/humble/include/std_msgs -isystem /opt/ros/humble/include/geometry_msgs -isystem /opt/ros/humble/include/sensor_msgs -Wall -Wextra -Wpedantic -MD -MT CMakeFiles/arm_node.dir/src/drive.cpp.o -MF CMakeFiles/arm_node.dir/src/drive.cpp.o.d -o CMakeFiles/arm_node.dir/src/drive.cpp.o -c /home/sun/Documents/GitHub/kungshu_hardware_arm/src/drive.cpp
[0.977s] /usr/bin/c++ -DDEFAULT_RMW_IMPLEMENTATION=rmw_fastrtps_cpp -DFASTCDR_DYN_LINK -DFMT_LOCALE -DFMT_SHARED -DRCUTILS_ENABLE_FAULT_INJECTION -DSPDLOG_COMPILED_LIB -DSPDLOG_FMT_EXTERNAL -DSPDLOG_SHARED_LIB -I/home/sun/Documents/GitHub/kungshu_hardware_arm/include -isystem /opt/ros/humble/include/rclcpp -isystem /home/sun/Documents/catkin_work/install/kungshu_msgs/include/kungshu_msgs -isystem /opt/ros/humble/include -isystem /home/sun/Documents/GitHub/kungshu_hardware_arm/third_party/soem-2.0.0-Linux-x86_64/include -isystem /home/sun/Documents/GitHub/kungshu_hardware_arm/third_party/soem-2.0.0-Linux-x86_64/include/soem -isystem /opt/ros/humble/include/ament_index_cpp -isystem /opt/ros/humble/include/libstatistics_collector -isystem /opt/ros/humble/include/builtin_interfaces -isystem /opt/ros/humble/include/rosidl_runtime_c -isystem /opt/ros/humble/include/rcutils -isystem /opt/ros/humble/include/rosidl_typesupport_interface -isystem /opt/ros/humble/include/fastcdr -isystem /opt/ros/humble/include/rosidl_runtime_cpp -isystem /opt/ros/humble/include/rosidl_typesupport_fastrtps_cpp -isystem /opt/ros/humble/include/rmw -isystem /opt/ros/humble/include/rosidl_typesupport_fastrtps_c -isystem /opt/ros/humble/include/rosidl_typesupport_introspection_c -isystem /opt/ros/humble/include/rosidl_typesupport_introspection_cpp -isystem /opt/ros/humble/include/rcl -isystem /opt/ros/humble/include/rcl_interfaces -isystem /opt/ros/humble/include/rcl_logging_interface -isystem /opt/ros/humble/include/rcl_yaml_param_parser -isystem /opt/ros/humble/include/libyaml_vendor -isystem /opt/ros/humble/include/tracetools -isystem /opt/ros/humble/include/rcpputils -isystem /opt/ros/humble/include/statistics_msgs -isystem /opt/ros/humble/include/rosgraph_msgs -isystem /opt/ros/humble/include/rosidl_typesupport_cpp -isystem /opt/ros/humble/include/rosidl_typesupport_c -isystem /opt/ros/humble/include/std_msgs -isystem /opt/ros/humble/include/geometry_msgs -isystem /opt/ros/humble/include/sensor_msgs -Wall -Wextra -Wpedantic -MD -MT CMakeFiles/arm_node.dir/src/fieldbus.cpp.o -MF CMakeFiles/arm_node.dir/src/fieldbus.cpp.o.d -o CMakeFiles/arm_node.dir/src/fieldbus.cpp.o -c /home/sun/Documents/GitHub/kungshu_hardware_arm/src/fieldbus.cpp
[0.978s] /usr/bin/c++ -DDEFAULT_RMW_IMPLEMENTATION=rmw_fastrtps_cpp -DFASTCDR_DYN_LINK -DRCUTILS_ENABLE_FAULT_INJECTION -isystem /opt/ros/humble/include/rclcpp -isystem /opt/ros/humble/include/example_interfaces -isystem /home/sun/Documents/catkin_work/install/kungshu_msgs/include/kungshu_msgs -isystem /opt/ros/humble/include/ament_index_cpp -isystem /opt/ros/humble/include/libstatistics_collector -isystem /opt/ros/humble/include/builtin_interfaces -isystem /opt/ros/humble/include/rosidl_runtime_c -isystem /opt/ros/humble/include/rcutils -isystem /opt/ros/humble/include/rosidl_typesupport_interface -isystem /opt/ros/humble/include/fastcdr -isystem /opt/ros/humble/include/rosidl_runtime_cpp -isystem /opt/ros/humble/include/rosidl_typesupport_fastrtps_cpp -isystem /opt/ros/humble/include/rmw -isystem /opt/ros/humble/include/rosidl_typesupport_fastrtps_c -isystem /opt/ros/humble/include/rosidl_typesupport_introspection_c -isystem /opt/ros/humble/include/rosidl_typesupport_introspection_cpp -isystem /opt/ros/humble/include/rcl -isystem /opt/ros/humble/include/rcl_interfaces -isystem /opt/ros/humble/include/rcl_logging_interface -isystem /opt/ros/humble/include/rcl_yaml_param_parser -isystem /opt/ros/humble/include/libyaml_vendor -isystem /opt/ros/humble/include/tracetools -isystem /opt/ros/humble/include/rcpputils -isystem /opt/ros/humble/include/statistics_msgs -isystem /opt/ros/humble/include/rosgraph_msgs -isystem /opt/ros/humble/include/rosidl_typesupport_cpp -isystem /opt/ros/humble/include/rosidl_typesupport_c -isystem /opt/ros/humble/include/std_msgs -isystem /opt/ros/humble/include/geometry_msgs -isystem /opt/ros/humble/include/sensor_msgs -isystem /opt/ros/humble/include/action_msgs -isystem /opt/ros/humble/include/unique_identifier_msgs -Wall -Wextra -Wpedantic -MD -MT CMakeFiles/hand_test.dir/src/hand_test.cpp.o -MF CMakeFiles/hand_test.dir/src/hand_test.cpp.o.d -o CMakeFiles/hand_test.dir/src/hand_test.cpp.o -c /home/sun/Documents/GitHub/kungshu_hardware_arm/src/hand_test.cpp
[0.978s] /usr/bin/c++ -DDEFAULT_RMW_IMPLEMENTATION=rmw_fastrtps_cpp -DFASTCDR_DYN_LINK -DFMT_LOCALE -DFMT_SHARED -DRCUTILS_ENABLE_FAULT_INJECTION -DSPDLOG_COMPILED_LIB -DSPDLOG_FMT_EXTERNAL -DSPDLOG_SHARED_LIB -I/home/sun/Documents/GitHub/kungshu_hardware_arm/include -isystem /opt/ros/humble/include/rclcpp -isystem /home/sun/Documents/catkin_work/install/kungshu_msgs/include/kungshu_msgs -isystem /opt/ros/humble/include -isystem /home/sun/Documents/GitHub/kungshu_hardware_arm/third_party/soem-2.0.0-Linux-x86_64/include -isystem /home/sun/Documents/GitHub/kungshu_hardware_arm/third_party/soem-2.0.0-Linux-x86_64/include/soem -isystem /opt/ros/humble/include/ament_index_cpp -isystem /opt/ros/humble/include/libstatistics_collector -isystem /opt/ros/humble/include/builtin_interfaces -isystem /opt/ros/humble/include/rosidl_runtime_c -isystem /opt/ros/humble/include/rcutils -isystem /opt/ros/humble/include/rosidl_typesupport_interface -isystem /opt/ros/humble/include/fastcdr -isystem /opt/ros/humble/include/rosidl_runtime_cpp -isystem /opt/ros/humble/include/rosidl_typesupport_fastrtps_cpp -isystem /opt/ros/humble/include/rmw -isystem /opt/ros/humble/include/rosidl_typesupport_fastrtps_c -isystem /opt/ros/humble/include/rosidl_typesupport_introspection_c -isystem /opt/ros/humble/include/rosidl_typesupport_introspection_cpp -isystem /opt/ros/humble/include/rcl -isystem /opt/ros/humble/include/rcl_interfaces -isystem /opt/ros/humble/include/rcl_logging_interface -isystem /opt/ros/humble/include/rcl_yaml_param_parser -isystem /opt/ros/humble/include/libyaml_vendor -isystem /opt/ros/humble/include/tracetools -isystem /opt/ros/humble/include/rcpputils -isystem /opt/ros/humble/include/statistics_msgs -isystem /opt/ros/humble/include/rosgraph_msgs -isystem /opt/ros/humble/include/rosidl_typesupport_cpp -isystem /opt/ros/humble/include/rosidl_typesupport_c -isystem /opt/ros/humble/include/std_msgs -isystem /opt/ros/humble/include/geometry_msgs -isystem /opt/ros/humble/include/sensor_msgs -Wall -Wextra -Wpedantic -MD -MT CMakeFiles/arm_node.dir/src/arm_node.cpp.o -MF CMakeFiles/arm_node.dir/src/arm_node.cpp.o.d -o CMakeFiles/arm_node.dir/src/arm_node.cpp.o -c /home/sun/Documents/GitHub/kungshu_hardware_arm/src/arm_node.cpp
[1.200s] [ 77%] Linking CXX executable hand_test
[1.201s] /usr/bin/cmake -E cmake_link_script CMakeFiles/hand_test.dir/link.txt --verbose=1
[1.234s] /home/sun/Documents/GitHub/kungshu_hardware_arm/src/test_movej.cpp:124:10: fatal error: kungshu_msgs/msg/move_j_command.hpp: No such file or directory
[1.234s]   124 | #include <kungshu_msgs/msg/move_j_command.hpp>
[1.234s]       |          ^~~~~~~~~~~~~~~~~~~~~~~~~~~~~~~~~~~~~
[1.234s] compilation terminated.
[1.238s] gmake[2]: *** [CMakeFiles/test_movej.dir/build.make:82: CMakeFiles/test_movej.dir/src/test_movej.cpp.o] Error 1
[1.238s] /usr/bin/c++ CMakeFiles/hand_test.dir/src/hand_test.cpp.o -o hand_test  -Wl,-rpath,/opt/ros/humble/lib:/home/sun/Documents/catkin_work/install/kungshu_msgs/lib: /opt/ros/humble/lib/librclcpp.so /home/sun/Documents/catkin_work/install/kungshu_msgs/lib/libkungshu_msgs__rosidl_typesupport_fastrtps_c.so /home/sun/Documents/catkin_work/install/kungshu_msgs/lib/libkungshu_msgs__rosidl_typesupport_introspection_c.so /home/sun/Documents/catkin_work/install/kungshu_msgs/lib/libkungshu_msgs__rosidl_typesupport_fastrtps_cpp.so /home/sun/Documents/catkin_work/install/kungshu_msgs/lib/libkungshu_msgs__rosidl_typesupport_introspection_cpp.so /home/sun/Documents/catkin_work/install/kungshu_msgs/lib/libkungshu_msgs__rosidl_typesupport_cpp.so /home/sun/Documents/catkin_work/install/kungshu_msgs/lib/libkungshu_msgs__rosidl_generator_py.so /opt/ros/humble/lib/libexample_interfaces__rosidl_typesupport_fastrtps_c.so /opt/ros/humble/lib/libexample_interfaces__rosidl_typesupport_introspection_c.so /opt/ros/humble/lib/libexample_interfaces__rosidl_typesupport_fastrtps_cpp.so /opt/ros/humble/lib/libexample_interfaces__rosidl_typesupport_introspection_cpp.so /opt/ros/humble/lib/libexample_interfaces__rosidl_typesupport_cpp.so /opt/ros/humble/lib/libexample_interfaces__rosidl_generator_py.so /opt/ros/humble/lib/liblibstatistics_collector.so /opt/ros/humble/lib/librcl.so /opt/ros/humble/lib/librmw_implementation.so /opt/ros/humble/lib/libament_index_cpp.so /opt/ros/humble/lib/librcl_logging_spdlog.so /opt/ros/humble/lib/librcl_logging_interface.so /opt/ros/humble/lib/librcl_interfaces__rosidl_typesupport_fastrtps_c.so /opt/ros/humble/lib/librcl_interfaces__rosidl_typesupport_introspection_c.so /opt/ros/humble/lib/librcl_interfaces__rosidl_typesupport_fastrtps_cpp.so /opt/ros/humble/lib/librcl_interfaces__rosidl_typesupport_introspection_cpp.so /opt/ros/humble/lib/librcl_interfaces__rosidl_typesupport_cpp.so /opt/ros/humble/lib/librcl_interfaces__rosidl_generator_py.so /opt/ros/humble/lib/librcl_interfaces__rosidl_typesupport_c.so /opt/ros/humble/lib/librcl_interfaces__rosidl_generator_c.so /opt/ros/humble/lib/librcl_yaml_param_parser.so /opt/ros/humble/lib/libyaml.so /opt/ros/humble/lib/librosgraph_msgs__rosidl_typesupport_fastrtps_c.so /opt/ros/humble/lib/librosgraph_msgs__rosidl_typesupport_fastrtps_cpp.so /opt/ros/humble/lib/librosgraph_msgs__rosidl_typesupport_introspection_c.so /opt/ros/humble/lib/librosgraph_msgs__rosidl_typesupport_introspection_cpp.so /opt/ros/humble/lib/librosgraph_msgs__rosidl_typesupport_cpp.so /opt/ros/humble/lib/librosgraph_msgs__rosidl_generator_py.so /opt/ros/humble/lib/librosgraph_msgs__rosidl_typesupport_c.so /opt/ros/humble/lib/librosgraph_msgs__rosidl_generator_c.so /opt/ros/humble/lib/libstatistics_msgs__rosidl_typesupport_fastrtps_c.so /opt/ros/humble/lib/libstatistics_msgs__rosidl_typesupport_fastrtps_cpp.so /opt/ros/humble/lib/libstatistics_msgs__rosidl_typesupport_introspection_c.so /opt/ros/humble/lib/libstatistics_msgs__rosidl_typesupport_introspection_cpp.so /opt/ros/humble/lib/libstatistics_msgs__rosidl_typesupport_cpp.so /opt/ros/humble/lib/libstatistics_msgs__rosidl_generator_py.so /opt/ros/humble/lib/libstatistics_msgs__rosidl_typesupport_c.so /opt/ros/humble/lib/libstatistics_msgs__rosidl_generator_c.so /opt/ros/humble/lib/libtracetools.so /opt/ros/humble/lib/libsensor_msgs__rosidl_typesupport_fastrtps_c.so /opt/ros/humble/lib/libgeometry_msgs__rosidl_typesupport_fastrtps_c.so /opt/ros/humble/lib/libstd_msgs__rosidl_typesupport_fastrtps_c.so /opt/ros/humble/lib/libsensor_msgs__rosidl_typesupport_introspection_c.so /opt/ros/humble/lib/libgeometry_msgs__rosidl_typesupport_introspection_c.so /opt/ros/humble/lib/libstd_msgs__rosidl_typesupport_introspection_c.so /opt/ros/humble/lib/libsensor_msgs__rosidl_typesupport_fastrtps_cpp.so /opt/ros/humble/lib/libgeometry_msgs__rosidl_typesupport_fastrtps_cpp.so /opt/ros/humble/lib/libstd_msgs__rosidl_typesupport_fastrtps_cpp.so /opt/ros/humble/lib/libsensor_msgs__rosidl_typesupport_introspection_cpp.so /opt/ros/humble/lib/libgeometry_msgs__rosidl_typesupport_intgmake[2]: Leaving directory '/home/sun/Documents/GitHub/kungshu_hardware_arm/build/kungshu_hardware_arm'
[1.238s] gmake[1]: *** [CMakeFiles/Makefile2:194: CMakeFiles/test_movej.dir/all] Error 2
[1.239s] gmake[1]: *** Waiting for unfinished jobs....
[1.274s] In file included from /home/sun/Documents/GitHub/kungshu_hardware_arm/src/main.cpp:8:
[1.275s] /home/sun/Documents/GitHub/kungshu_hardware_arm/include/kungshu_hardware_arm/arm_node.h:32:10: fatal error: kungshu_msgs/srv/set_torque_enable.hpp: No such file or directory
[1.275s]    32 | #include "kungshu_msgs/srv/set_torque_enable.hpp"
[1.275s]       |          ^~~~~~~~~~~~~~~~~~~~~~~~~~~~~~~~~~~~~~~~
[1.275s] compilation terminated.
[1.279s] gmake[2]: *** [CMakeFiles/arm_node.dir/build.make:82: CMakeFiles/arm_node.dir/src/main.cpp.o] Error 1
[1.279s] gmake[2]: *** Waiting for unfinished jobs....
[1.303s] In file included from /home/sun/Documents/GitHub/kungshu_hardware_arm/src/arm_node.cpp:5:
[1.303s] /home/sun/Documents/GitHub/kungshu_hardware_arm/include/kungshu_hardware_arm/arm_node.h:32:10: fatal error: kungshu_msgs/srv/set_torque_enable.hpp: No such file or directory
[1.303s]    32 | #include "kungshu_msgs/srv/set_torque_enable.hpp"
[1.304s]       |          ^~~~~~~~~~~~~~~~~~~~~~~~~~~~~~~~~~~~~~~~
[1.304s] compilation terminated.
[1.310s] gmake[2]: *** [CMakeFiles/arm_node.dir/build.make:124: CMakeFiles/arm_node.dir/src/arm_node.cpp.o] Error 1
[1.373s] rospection_cpp.so /opt/ros/humble/lib/libstd_msgs__rosidl_typesupport_introspection_cpp.so /opt/ros/humble/lib/libsensor_msgs__rosidl_typesupport_cpp.so /opt/ros/humble/lib/libgeometry_msgs__rosidl_typesupport_cpp.so /opt/ros/humble/lib/libstd_msgs__rosidl_typesupport_cpp.so /home/sun/Documents/catkin_work/install/kungshu_msgs/lib/libkungshu_msgs__rosidl_typesupport_c.so /home/sun/Documents/catkin_work/install/kungshu_msgs/lib/libkungshu_msgs__rosidl_generator_c.so /opt/ros/humble/lib/libsensor_msgs__rosidl_generator_py.so /opt/ros/humble/lib/libsensor_msgs__rosidl_typesupport_c.so /opt/ros/humble/lib/libsensor_msgs__rosidl_generator_c.so /opt/ros/humble/lib/libgeometry_msgs__rosidl_generator_py.so /opt/ros/humble/lib/libgeometry_msgs__rosidl_typesupport_c.so /opt/ros/humble/lib/libgeometry_msgs__rosidl_generator_c.so /opt/ros/humble/lib/libstd_msgs__rosidl_generator_py.so /opt/ros/humble/lib/libstd_msgs__rosidl_typesupport_c.so /opt/ros/humble/lib/libstd_msgs__rosidl_generator_c.so /opt/ros/humble/lib/libaction_msgs__rosidl_typesupport_fastrtps_c.so /opt/ros/humble/lib/libbuiltin_interfaces__rosidl_typesupport_fastrtps_c.so /opt/ros/humble/lib/libunique_identifier_msgs__rosidl_typesupport_fastrtps_c.so /opt/ros/humble/lib/librosidl_typesupport_fastrtps_c.so /opt/ros/humble/lib/libaction_msgs__rosidl_typesupport_introspection_c.so /opt/ros/humble/lib/libbuiltin_interfaces__rosidl_typesupport_introspection_c.so /opt/ros/humble/lib/libunique_identifier_msgs__rosidl_typesupport_introspection_c.so /opt/ros/humble/lib/libaction_msgs__rosidl_typesupport_fastrtps_cpp.so /opt/ros/humble/lib/libbuiltin_interfaces__rosidl_typesupport_fastrtps_cpp.so /opt/ros/humble/lib/libunique_identifier_msgs__rosidl_typesupport_fastrtps_cpp.so /opt/ros/humble/lib/librosidl_typesupport_fastrtps_cpp.so /opt/ros/humble/lib/libfastcdr.so.1.0.29 /opt/ros/humble/lib/librmw.so /opt/ros/humble/lib/libaction_msgs__rosidl_typesupport_introspection_cpp.so /opt/ros/humble/lib/libbuiltin_interfaces__rosidl_typesupport_introspection_cpp.so /opt/ros/humble/lib/libunique_identifier_msgs__rosidl_typesupport_introspection_cpp.so /opt/ros/humble/lib/librosidl_typesupport_introspection_cpp.so /opt/ros/humble/lib/librosidl_typesupport_introspection_c.so /opt/ros/humble/lib/libaction_msgs__rosidl_typesupport_cpp.so /opt/ros/humble/lib/libbuiltin_interfaces__rosidl_typesupport_cpp.so /opt/ros/humble/lib/libunique_identifier_msgs__rosidl_typesupport_cpp.so /opt/ros/humble/lib/librosidl_typesupport_cpp.so /opt/ros/humble/lib/libexample_interfaces__rosidl_typesupport_c.so /opt/ros/humble/lib/libexample_interfaces__rosidl_generator_c.so /opt/ros/humble/lib/libaction_msgs__rosidl_generator_py.so /opt/ros/humble/lib/libbuiltin_interfaces__rosidl_generator_py.so /opt/ros/humble/lib/libaction_msgs__rosidl_typesupport_c.so /opt/ros/humble/lib/libbuiltin_interfaces__rosidl_typesupport_c.so /opt/ros/humble/lib/libaction_msgs__rosidl_generator_c.so /opt/ros/humble/lib/libbuiltin_interfaces__rosidl_generator_c.so /opt/ros/humble/lib/libunique_identifier_msgs__rosidl_generator_py.so /usr/lib/x86_64-linux-gnu/libpython3.10.so /opt/ros/humble/lib/libunique_identifier_msgs__rosidl_typesupport_c.so /opt/ros/humble/lib/libunique_identifier_msgs__rosidl_generator_c.so /opt/ros/humble/lib/librosidl_typesupport_c.so /opt/ros/humble/lib/librcpputils.so /opt/ros/humble/lib/librosidl_runtime_c.so /opt/ros/humble/lib/librcutils.so -ldl -latomic
[1.373s] gmake[2]: Leaving directory '/home/sun/Documents/GitHub/kungshu_hardware_arm/build/kungshu_hardware_arm'
[1.377s] [ 77%] Built target hand_test
[1.664s] /home/sun/Documents/GitHub/kungshu_hardware_arm/src/fieldbus.cpp: In member function ‘bool KSH::Fieldbus::Start()’:
[1.664s] /home/sun/Documents/GitHub/kungshu_hardware_arm/src/fieldbus.cpp:23:41: warning: logical not is only applied to the left hand side of comparison [-Wlogical-not-parentheses]
[1.664s]    23 |   if (!ecx_init(&ctx_, ifname_.c_str()) > 0) {
[1.664s]       |                                         ^
[1.664s] /home/sun/Documents/GitHub/kungshu_hardware_arm/src/fieldbus.cpp:23:7: note: add parentheses around left hand side expression to silence this warning
[1.664s]    23 |   if (!ecx_init(&ctx_, ifname_.c_str()) > 0) {
[1.664s]       |       ^~~~~~~~~~~~~~~~~~~~~~~~~~~~~~~~~
[1.664s]       |       (                                )
[1.667s] /home/sun/Documents/GitHub/kungshu_hardware_arm/src/fieldbus.cpp:16:17: warning: unused variable ‘context’ [-Wunused-variable]
[1.667s]    16 |   ecx_contextt *context;
[1.667s]       |                 ^~~~~~~
[1.667s] /home/sun/Documents/GitHub/kungshu_hardware_arm/src/fieldbus.cpp:17:14: warning: unused variable ‘grp’ [-Wunused-variable]
[1.667s]    17 |   ec_groupt *grp;
[1.667s]       |              ^~~
[1.669s] /home/sun/Documents/GitHub/kungshu_hardware_arm/src/fieldbus.cpp: In member function ‘void KSH::Fieldbus::PrintAvaliableAdapters()’:
[1.669s] /home/sun/Documents/GitHub/kungshu_hardware_arm/src/fieldbus.cpp:262:16: warning: unused variable ‘adapter’ [-Wunused-variable]
[1.669s]   262 |   ec_adaptert *adapter = NULL;
[1.669s]       |                ^~~~~~~
[1.669s] /home/sun/Documents/GitHub/kungshu_hardware_arm/src/fieldbus.cpp:263:16: warning: unused variable ‘head’ [-Wunused-variable]
[1.669s]   263 |   ec_adaptert *head = NULL;
[1.669s]       |                ^~~~
[1.670s] /home/sun/Documents/GitHub/kungshu_hardware_arm/src/fieldbus.cpp: In member function ‘void KSH::Fieldbus::SetCommand(int, int8)’:
[1.670s] /home/sun/Documents/GitHub/kungshu_hardware_arm/src/fieldbus.cpp:363:31: warning: unused parameter ‘id’ [-Wunused-parameter]
[1.670s]   363 | void Fieldbus::SetCommand(int id, int8 value) {}
[1.670s]       |                           ~~~~^~
[1.670s] /home/sun/Documents/GitHub/kungshu_hardware_arm/src/fieldbus.cpp:363:40: warning: unused parameter ‘value’ [-Wunused-parameter]
[1.670s]   363 | void Fieldbus::SetCommand(int id, int8 value) {}
[1.670s]       |                                   ~~~~~^~~~~
[1.674s] /home/sun/Documents/GitHub/kungshu_hardware_arm/src/fieldbus.cpp: In member function ‘void KSH::Fieldbus::si_sdo(int)’:
[1.674s] /home/sun/Documents/GitHub/kungshu_hardware_arm/src/fieldbus.cpp:869:42: warning: format ‘%s’ expects argument of type ‘char*’, but argument 4 has type ‘std::string’ {aka ‘std::__cxx11::basic_string<char>’} [-Wformat=]
[1.674s]   869 |         printf("0x%04x      %-40s      [%s]\n", ODlist_.Index[i], name,
[1.674s]       |                                         ~^
[1.674s]       |                                          |
[1.674s]       |                                          char*
[1.674s]   870 |                otype2string(ODlist_.ObjectCode[i]));
[1.674s]       |                ~~~~~~~~~~~~~~~~~~~~~~~~~~~~~~~~~~~
[1.674s]       |                            |
[1.674s]       |                            std::string {aka std::__cxx11::basic_string<char>}
[1.675s] /home/sun/Documents/GitHub/kungshu_hardware_arm/src/fieldbus.cpp: In static member function ‘static int KSH::Fieldbus::slave_setup(ecx_contextt*, uint16)’:
[1.675s] /home/sun/Documents/GitHub/kungshu_hardware_arm/src/fieldbus.cpp:913:10: warning: unused variable ‘u16val’ [-Wunused-variable]
[1.675s]   913 |   uint16 u16val;
[1.675s]       |          ^~~~~~
[1.675s] /home/sun/Documents/GitHub/kungshu_hardware_arm/src/fieldbus.cpp:914:10: warning: unused variable ‘u32val’ [-Wunused-variable]
[1.675s]   914 |   uint32 u32val;
[1.675s]       |          ^~~~~~
[1.685s] /home/sun/Documents/GitHub/kungshu_hardware_arm/src/drive.cpp: In member function ‘KSH::DriveState KSH::Drive::getDriverState(int)’:
[1.685s] /home/sun/Documents/GitHub/kungshu_hardware_arm/src/drive.cpp:36:38: warning: unused parameter ‘id’ [-Wunused-parameter]
[1.686s]    36 | DriveState Drive::getDriverState(int id) {
[1.686s]       |                                  ~~~~^~
[2.653s] gmake[2]: Leaving directory '/home/sun/Documents/GitHub/kungshu_hardware_arm/build/kungshu_hardware_arm'
[2.653s] gmake[1]: *** [CMakeFiles/Makefile2:162: CMakeFiles/arm_node.dir/all] Error 2
[2.653s] gmake[1]: Leaving directory '/home/sun/Documents/GitHub/kungshu_hardware_arm/build/kungshu_hardware_arm'
[2.653s] gmake: *** [Makefile:149: all] Error 2
[2.654s] 
[2.655s] Invoked command in '/home/sun/Documents/GitHub/kungshu_hardware_arm/build/kungshu_hardware_arm' returned '2': CMAKE_PREFIX_PATH=${CMAKE_PREFIX_PATH}:/opt/ros/humble /usr/bin/cmake --build /home/sun/Documents/GitHub/kungshu_hardware_arm/build/kungshu_hardware_arm -- -j16 -l16
