CMake Deprecation Warning at CMakeLists.txt:1 (cmake_minimum_required):
  Compatibility with CMake < 3.10 will be removed from a future version of
  CMake.

  Update the VERSION argument <min> value.  Or, use the <min>...<max> syntax
  to tell CMake that the project requires at least <min> but has been updated
  to work with policies introduced by <max> or earlier.


-- Found ament_cmake: 1.3.14 (/opt/ros/humble/share/ament_cmake/cmake)
-- Found rclcpp: 16.0.19 (/opt/ros/humble/share/rclcpp/cmake)
-- Found rosidl_generator_c: 3.1.8 (/opt/ros/humble/share/rosidl_generator_c/cmake)
-- Found rosidl_adapter: 3.1.8 (/opt/ros/humble/share/rosidl_adapter/cmake)
-- Found rosidl_generator_cpp: 3.1.8 (/opt/ros/humble/share/rosidl_generator_cpp/cmake)
-- Using all available rosidl_typesupport_c: rosidl_typesupport_fastrtps_c;rosidl_typesupport_introspection_c
-- Using all available rosidl_typesupport_cpp: rosidl_typesupport_fastrtps_cpp;rosidl_typesupport_introspection_cpp
-- Found rmw_implementation_cmake: 6.1.2 (/opt/ros/humble/share/rmw_implementation_cmake/cmake)
-- Found rmw_fastrtps_cpp: 6.2.10 (/opt/ros/humble/share/rmw_fastrtps_cpp/cmake)
-- Using RMW implementation 'rmw_fastrtps_cpp' as default
-- Found kungshu_msgs: 0.0.1 (/home/sun/Documents/catkin_work/install/kungshu_msgs/share/kungshu_msgs/cmake)
-- Found example_interfaces: 0.9.3 (/opt/ros/humble/share/example_interfaces/cmake)
-- Found ament_lint_auto: 0.12.15 (/opt/ros/humble/share/ament_lint_auto/cmake)
-- Added test 'cppcheck' to perform static code analysis on C / C++ code
-- Configured cppcheck include dirs: $<BUILD_INTERFACE:/home/sun/Documents/GitHub/kungshu_hardware_arm/include>
-- Configured cppcheck exclude dirs and/or files: 
-- Added test 'flake8' to check Python code syntax and style conventions
-- Added test 'lint_cmake' to check CMake code style
-- Added test 'pep257' to check Python code against some of the docstring style conventions in PEP 257
-- Added test 'uncrustify' to check C / C++ code style
-- Configured uncrustify additional arguments: 
-- Added test 'xmllint' to check XML markup files
-- Configuring done (0.7s)
-- Generating done (0.0s)
-- Build files have been written to: /home/sun/Documents/GitHub/kungshu_hardware_arm/build/kungshu_hardware_arm
Change Dir: '/home/sun/Documents/GitHub/kungshu_hardware_arm/build/kungshu_hardware_arm'

Run Build Command(s): /usr/bin/cmake -E env VERBOSE=1 /usr/bin/gmake -f Makefile -j16 -l16
/usr/bin/cmake -S/home/sun/Documents/GitHub/kungshu_hardware_arm -B/home/sun/Documents/GitHub/kungshu_hardware_arm/build/kungshu_hardware_arm --check-build-system CMakeFiles/Makefile.cmake 0
/usr/bin/cmake -E cmake_progress_start /home/sun/Documents/GitHub/kungshu_hardware_arm/build/kungshu_hardware_arm/CMakeFiles /home/sun/Documents/GitHub/kungshu_hardware_arm/build/kungshu_hardware_arm//CMakeFiles/progress.marks
/usr/bin/gmake  -f CMakeFiles/Makefile2 all
gmake[1]: Entering directory '/home/sun/Documents/GitHub/kungshu_hardware_arm/build/kungshu_hardware_arm'
/usr/bin/gmake  -f CMakeFiles/arm_node.dir/build.make CMakeFiles/arm_node.dir/depend
/usr/bin/gmake  -f CMakeFiles/test_movej.dir/build.make CMakeFiles/test_movej.dir/depend
/usr/bin/gmake  -f CMakeFiles/hand_test.dir/build.make CMakeFiles/hand_test.dir/depend
gmake[2]: Entering directory '/home/sun/Documents/GitHub/kungshu_hardware_arm/build/kungshu_hardware_arm'
cd /home/sun/Documents/GitHub/kungshu_hardware_arm/build/kungshu_hardware_arm && /usr/bin/cmake -E cmake_depends "Unix Makefiles" /home/sun/Documents/GitHub/kungshu_hardware_arm /home/sun/Documents/GitHub/kungshu_hardware_arm /home/sun/Documents/GitHub/kungshu_hardware_arm/build/kungshu_hardware_arm /home/sun/Documents/GitHub/kungshu_hardware_arm/build/kungshu_hardware_arm /home/sun/Documents/GitHub/kungshu_hardware_arm/build/kungshu_hardware_arm/CMakeFiles/arm_node.dir/DependInfo.cmake "--color=" arm_node
gmake[2]: Entering directory '/home/sun/Documents/GitHub/kungshu_hardware_arm/build/kungshu_hardware_arm'
cd /home/sun/Documents/GitHub/kungshu_hardware_arm/build/kungshu_hardware_arm && /usr/bin/cmake -E cmake_depends "Unix Makefiles" /home/sun/Documents/GitHub/kungshu_hardware_arm /home/sun/Documents/GitHub/kungshu_hardware_arm /home/sun/Documents/GitHub/kungshu_hardware_arm/build/kungshu_hardware_arm /home/sun/Documents/GitHub/kungshu_hardware_arm/build/kungshu_hardware_arm /home/sun/Documents/GitHub/kungshu_hardware_arm/build/kungshu_hardware_arm/CMakeFiles/test_movej.dir/DependInfo.cmake "--color=" test_movej
gmake[2]: Entering directory '/home/sun/Documents/GitHub/kungshu_hardware_arm/build/kungshu_hardware_arm'
cd /home/sun/Documents/GitHub/kungshu_hardware_arm/build/kungshu_hardware_arm && /usr/bin/cmake -E cmake_depends "Unix Makefiles" /home/sun/Documents/GitHub/kungshu_hardware_arm /home/sun/Documents/GitHub/kungshu_hardware_arm /home/sun/Documents/GitHub/kungshu_hardware_arm/build/kungshu_hardware_arm /home/sun/Documents/GitHub/kungshu_hardware_arm/build/kungshu_hardware_arm /home/sun/Documents/GitHub/kungshu_hardware_arm/build/kungshu_hardware_arm/CMakeFiles/hand_test.dir/DependInfo.cmake "--color=" hand_test
Dependencies file "CMakeFiles/arm_node.dir/src/drive.cpp.o.d" is newer than depends file "/home/sun/Documents/GitHub/kungshu_hardware_arm/build/kungshu_hardware_arm/CMakeFiles/arm_node.dir/compiler_depend.internal".
Dependencies file "CMakeFiles/hand_test.dir/src/hand_test.cpp.o.d" is newer than depends file "/home/sun/Documents/GitHub/kungshu_hardware_arm/build/kungshu_hardware_arm/CMakeFiles/hand_test.dir/compiler_depend.internal".
Consolidate compiler generated dependencies of target hand_test
Dependencies file "CMakeFiles/arm_node.dir/src/fieldbus.cpp.o.d" is newer than depends file "/home/sun/Documents/GitHub/kungshu_hardware_arm/build/kungshu_hardware_arm/CMakeFiles/arm_node.dir/compiler_depend.internal".
gmake[2]: Leaving directory '/home/sun/Documents/GitHub/kungshu_hardware_arm/build/kungshu_hardware_arm'
Consolidate compiler generated dependencies of target arm_node
/usr/bin/gmake  -f CMakeFiles/test_movej.dir/build.make CMakeFiles/test_movej.dir/build
gmake[2]: Entering directory '/home/sun/Documents/GitHub/kungshu_hardware_arm/build/kungshu_hardware_arm'
gmake[2]: Leaving directory '/home/sun/Documents/GitHub/kungshu_hardware_arm/build/kungshu_hardware_arm'
/usr/bin/gmake  -f CMakeFiles/hand_test.dir/build.make CMakeFiles/hand_test.dir/build
gmake[2]: Entering directory '/home/sun/Documents/GitHub/kungshu_hardware_arm/build/kungshu_hardware_arm'
gmake[2]: Nothing to be done for 'CMakeFiles/hand_test.dir/build'.
gmake[2]: Leaving directory '/home/sun/Documents/GitHub/kungshu_hardware_arm/build/kungshu_hardware_arm'
[ 11%] Building CXX object CMakeFiles/test_movej.dir/src/test_movej.cpp.o
/usr/bin/c++ -DDEFAULT_RMW_IMPLEMENTATION=rmw_fastrtps_cpp -DFASTCDR_DYN_LINK -DRCUTILS_ENABLE_FAULT_INJECTION -isystem /opt/ros/humble/include/rclcpp -isystem /home/sun/Documents/catkin_work/install/kungshu_msgs/include/kungshu_msgs -isystem /opt/ros/humble/include/ament_index_cpp -isystem /opt/ros/humble/include/libstatistics_collector -isystem /opt/ros/humble/include/builtin_interfaces -isystem /opt/ros/humble/include/rosidl_runtime_c -isystem /opt/ros/humble/include/rcutils -isystem /opt/ros/humble/include/rosidl_typesupport_interface -isystem /opt/ros/humble/include/fastcdr -isystem /opt/ros/humble/include/rosidl_runtime_cpp -isystem /opt/ros/humble/include/rosidl_typesupport_fastrtps_cpp -isystem /opt/ros/humble/include/rmw -isystem /opt/ros/humble/include/rosidl_typesupport_fastrtps_c -isystem /opt/ros/humble/include/rosidl_typesupport_introspection_c -isystem /opt/ros/humble/include/rosidl_typesupport_introspection_cpp -isystem /opt/ros/humble/include/rcl -isystem /opt/ros/humble/include/rcl_interfaces -isystem /opt/ros/humble/include/rcl_logging_interface -isystem /opt/ros/humble/include/rcl_yaml_param_parser -isystem /opt/ros/humble/include/libyaml_vendor -isystem /opt/ros/humble/include/tracetools -isystem /opt/ros/humble/include/rcpputils -isystem /opt/ros/humble/include/statistics_msgs -isystem /opt/ros/humble/include/rosgraph_msgs -isystem /opt/ros/humble/include/rosidl_typesupport_cpp -isystem /opt/ros/humble/include/rosidl_typesupport_c -isystem /opt/ros/humble/include/std_msgs -isystem /opt/ros/humble/include/geometry_msgs -isystem /opt/ros/humble/include/sensor_msgs -Wall -Wextra -Wpedantic -MD -MT CMakeFiles/test_movej.dir/src/test_movej.cpp.o -MF CMakeFiles/test_movej.dir/src/test_movej.cpp.o.d -o CMakeFiles/test_movej.dir/src/test_movej.cpp.o -c /home/sun/Documents/GitHub/kungshu_hardware_arm/src/test_movej.cpp
gmake[2]: Leaving directory '/home/sun/Documents/GitHub/kungshu_hardware_arm/build/kungshu_hardware_arm'
/usr/bin/gmake  -f CMakeFiles/arm_node.dir/build.make CMakeFiles/arm_node.dir/build
[ 33%] Built target hand_test
gmake[2]: Entering directory '/home/sun/Documents/GitHub/kungshu_hardware_arm/build/kungshu_hardware_arm'
[ 44%] Building CXX object CMakeFiles/arm_node.dir/src/main.cpp.o
/usr/bin/c++ -DDEFAULT_RMW_IMPLEMENTATION=rmw_fastrtps_cpp -DFASTCDR_DYN_LINK -DFMT_LOCALE -DFMT_SHARED -DRCUTILS_ENABLE_FAULT_INJECTION -DSPDLOG_COMPILED_LIB -DSPDLOG_FMT_EXTERNAL -DSPDLOG_SHARED_LIB -I/home/sun/Documents/GitHub/kungshu_hardware_arm/include -isystem /opt/ros/humble/include/rclcpp -isystem /home/sun/Documents/catkin_work/install/kungshu_msgs/include/kungshu_msgs -isystem /opt/ros/humble/include -isystem /home/sun/Documents/GitHub/kungshu_hardware_arm/third_party/soem-2.0.0-Linux-x86_64/include -isystem /home/sun/Documents/GitHub/kungshu_hardware_arm/third_party/soem-2.0.0-Linux-x86_64/include/soem -isystem /opt/ros/humble/include/ament_index_cpp -isystem /opt/ros/humble/include/libstatistics_collector -isystem /opt/ros/humble/include/builtin_interfaces -isystem /opt/ros/humble/include/rosidl_runtime_c -isystem /opt/ros/humble/include/rcutils -isystem /opt/ros/humble/include/rosidl_typesupport_interface -isystem /opt/ros/humble/include/fastcdr -isystem /opt/ros/humble/include/rosidl_runtime_cpp -isystem /opt/ros/humble/include/rosidl_typesupport_fastrtps_cpp -isystem /opt/ros/humble/include/rmw -isystem /opt/ros/humble/include/rosidl_typesupport_fastrtps_c -isystem /opt/ros/humble/include/rosidl_typesupport_introspection_c -isystem /opt/ros/humble/include/rosidl_typesupport_introspection_cpp -isystem /opt/ros/humble/include/rcl -isystem /opt/ros/humble/include/rcl_interfaces -isystem /opt/ros/humble/include/rcl_logging_interface -isystem /opt/ros/humble/include/rcl_yaml_param_parser -isystem /opt/ros/humble/include/libyaml_vendor -isystem /opt/ros/humble/include/tracetools -isystem /opt/ros/humble/include/rcpputils -isystem /opt/ros/humble/include/statistics_msgs -isystem /opt/ros/humble/include/rosgraph_msgs -isystem /opt/ros/humble/include/rosidl_typesupport_cpp -isystem /opt/ros/humble/include/rosidl_typesupport_c -isystem /opt/ros/humble/include/std_msgs -isystem /opt/ros/humble/include/geometry_msgs -isystem /opt/ros/humble/include/sensor_msgs -Wall -Wextra -Wpedantic -MD -MT CMakeFiles/arm_node.dir/src/main.cpp.o -MF CMakeFiles/arm_node.dir/src/main.cpp.o.d -o CMakeFiles/arm_node.dir/src/main.cpp.o -c /home/sun/Documents/GitHub/kungshu_hardware_arm/src/main.cpp
[ 55%] Building CXX object CMakeFiles/arm_node.dir/src/arm_node.cpp.o
/usr/bin/c++ -DDEFAULT_RMW_IMPLEMENTATION=rmw_fastrtps_cpp -DFASTCDR_DYN_LINK -DFMT_LOCALE -DFMT_SHARED -DRCUTILS_ENABLE_FAULT_INJECTION -DSPDLOG_COMPILED_LIB -DSPDLOG_FMT_EXTERNAL -DSPDLOG_SHARED_LIB -I/home/sun/Documents/GitHub/kungshu_hardware_arm/include -isystem /opt/ros/humble/include/rclcpp -isystem /home/sun/Documents/catkin_work/install/kungshu_msgs/include/kungshu_msgs -isystem /opt/ros/humble/include -isystem /home/sun/Documents/GitHub/kungshu_hardware_arm/third_party/soem-2.0.0-Linux-x86_64/include -isystem /home/sun/Documents/GitHub/kungshu_hardware_arm/third_party/soem-2.0.0-Linux-x86_64/include/soem -isystem /opt/ros/humble/include/ament_index_cpp -isystem /opt/ros/humble/include/libstatistics_collector -isystem /opt/ros/humble/include/builtin_interfaces -isystem /opt/ros/humble/include/rosidl_runtime_c -isystem /opt/ros/humble/include/rcutils -isystem /opt/ros/humble/include/rosidl_typesupport_interface -isystem /opt/ros/humble/include/fastcdr -isystem /opt/ros/humble/include/rosidl_runtime_cpp -isystem /opt/ros/humble/include/rosidl_typesupport_fastrtps_cpp -isystem /opt/ros/humble/include/rmw -isystem /opt/ros/humble/include/rosidl_typesupport_fastrtps_c -isystem /opt/ros/humble/include/rosidl_typesupport_introspection_c -isystem /opt/ros/humble/include/rosidl_typesupport_introspection_cpp -isystem /opt/ros/humble/include/rcl -isystem /opt/ros/humble/include/rcl_interfaces -isystem /opt/ros/humble/include/rcl_logging_interface -isystem /opt/ros/humble/include/rcl_yaml_param_parser -isystem /opt/ros/humble/include/libyaml_vendor -isystem /opt/ros/humble/include/tracetools -isystem /opt/ros/humble/include/rcpputils -isystem /opt/ros/humble/include/statistics_msgs -isystem /opt/ros/humble/include/rosgraph_msgs -isystem /opt/ros/humble/include/rosidl_typesupport_cpp -isystem /opt/ros/humble/include/rosidl_typesupport_c -isystem /opt/ros/humble/include/std_msgs -isystem /opt/ros/humble/include/geometry_msgs -isystem /opt/ros/humble/include/sensor_msgs -Wall -Wextra -Wpedantic -MD -MT CMakeFiles/arm_node.dir/src/arm_node.cpp.o -MF CMakeFiles/arm_node.dir/src/arm_node.cpp.o.d -o CMakeFiles/arm_node.dir/src/arm_node.cpp.o -c /home/sun/Documents/GitHub/kungshu_hardware_arm/src/arm_node.cpp
/home/sun/Documents/GitHub/kungshu_hardware_arm/src/test_movej.cpp:124:10: fatal error: kungshu_msgs/msg/move_j_command.hpp: No such file or directory
  124 | #include <kungshu_msgs/msg/move_j_command.hpp>
      |          ^~~~~~~~~~~~~~~~~~~~~~~~~~~~~~~~~~~~~
compilation terminated.
gmake[2]: *** [CMakeFiles/test_movej.dir/build.make:82: CMakeFiles/test_movej.dir/src/test_movej.cpp.o] Error 1
gmake[2]: Leaving directory '/home/sun/Documents/GitHub/kungshu_hardware_arm/build/kungshu_hardware_arm'
gmake[1]: *** [CMakeFiles/Makefile2:194: CMakeFiles/test_movej.dir/all] Error 2
gmake[1]: *** Waiting for unfinished jobs....
In file included from /home/sun/Documents/GitHub/kungshu_hardware_arm/src/main.cpp:8:
/home/sun/Documents/GitHub/kungshu_hardware_arm/include/kungshu_hardware_arm/arm_node.h:32:10: fatal error: kungshu_msgs/srv/set_torque_enable.hpp: No such file or directory
   32 | #include "kungshu_msgs/srv/set_torque_enable.hpp"
      |          ^~~~~~~~~~~~~~~~~~~~~~~~~~~~~~~~~~~~~~~~
compilation terminated.
gmake[2]: *** [CMakeFiles/arm_node.dir/build.make:82: CMakeFiles/arm_node.dir/src/main.cpp.o] Error 1
gmake[2]: *** Waiting for unfinished jobs....
In file included from /home/sun/Documents/GitHub/kungshu_hardware_arm/src/arm_node.cpp:5:
/home/sun/Documents/GitHub/kungshu_hardware_arm/include/kungshu_hardware_arm/arm_node.h:32:10: fatal error: kungshu_msgs/srv/set_torque_enable.hpp: No such file or directory
   32 | #include "kungshu_msgs/srv/set_torque_enable.hpp"
      |          ^~~~~~~~~~~~~~~~~~~~~~~~~~~~~~~~~~~~~~~~
compilation terminated.
gmake[2]: *** [CMakeFiles/arm_node.dir/build.make:124: CMakeFiles/arm_node.dir/src/arm_node.cpp.o] Error 1
gmake[2]: Leaving directory '/home/sun/Documents/GitHub/kungshu_hardware_arm/build/kungshu_hardware_arm'
gmake[1]: *** [CMakeFiles/Makefile2:162: CMakeFiles/arm_node.dir/all] Error 2
gmake[1]: Leaving directory '/home/sun/Documents/GitHub/kungshu_hardware_arm/build/kungshu_hardware_arm'
gmake: *** [Makefile:149: all] Error 2

