[0.009s] Invoking command in '/home/sun/Documents/GitHub/kungshu_hardware_arm/build/kungshu_hardware_arm': CMAKE_PREFIX_PATH=${CMAKE_PREFIX_PATH}:/opt/ros/humble /usr/bin/cmake /home/sun/Documents/GitHub/kungshu_hardware_arm -DCMAKE_VERBOSE_MAKEFILE=ON -DCMAKE_INSTALL_PREFIX=/home/sun/Documents/GitHub/kungshu_hardware_arm/install/kungshu_hardware_arm
[0.033s] CMake Deprecation Warning at CMakeLists.txt:1 (cmake_minimum_required):
[0.033s]   Compatibility with CMake < 3.10 will be removed from a future version of
[0.033s]   CMake.
[0.033s] 
[0.033s]   Update the VERSION argument <min> value.  Or, use the <min>...<max> syntax
[0.033s]   to tell CMake that the project requires at least <min> but has been updated
[0.033s]   to work with policies introduced by <max> or earlier.
[0.033s] 
[0.033s] 
[0.041s] -- Found ament_cmake: 1.3.14 (/opt/ros/humble/share/ament_cmake/cmake)
[0.215s] -- Found rclcpp: 16.0.19 (/opt/ros/humble/share/rclcpp/cmake)
[0.244s] -- Found rosidl_generator_c: 3.1.8 (/opt/ros/humble/share/rosidl_generator_c/cmake)
[0.246s] -- Found rosidl_adapter: 3.1.8 (/opt/ros/humble/share/rosidl_adapter/cmake)
[0.252s] -- Found rosidl_generator_cpp: 3.1.8 (/opt/ros/humble/share/rosidl_generator_cpp/cmake)
[0.265s] -- Using all available rosidl_typesupport_c: rosidl_typesupport_fastrtps_c;rosidl_typesupport_introspection_c
[0.277s] -- Using all available rosidl_typesupport_cpp: rosidl_typesupport_fastrtps_cpp;rosidl_typesupport_introspection_cpp
[0.309s] -- Found rmw_implementation_cmake: 6.1.2 (/opt/ros/humble/share/rmw_implementation_cmake/cmake)
[0.310s] -- Found rmw_fastrtps_cpp: 6.2.10 (/opt/ros/humble/share/rmw_fastrtps_cpp/cmake)
[0.430s] -- Using RMW implementation 'rmw_fastrtps_cpp' as default
[0.487s] -- Found kungshu_msgs: 0.0.1 (/home/sun/Documents/catkin_work/install/kungshu_msgs/share/kungshu_msgs/cmake)
[0.557s] -- Found example_interfaces: 0.9.3 (/opt/ros/humble/share/example_interfaces/cmake)
[0.599s] -- Found ament_lint_auto: 0.12.15 (/opt/ros/humble/share/ament_lint_auto/cmake)
[0.679s] -- Added test 'cppcheck' to perform static code analysis on C / C++ code
[0.680s] -- Configured cppcheck include dirs: $<BUILD_INTERFACE:/home/sun/Documents/GitHub/kungshu_hardware_arm/include>
[0.680s] -- Configured cppcheck exclude dirs and/or files: 
[0.682s] -- Added test 'flake8' to check Python code syntax and style conventions
[0.687s] -- Added test 'lint_cmake' to check CMake code style
[0.689s] -- Added test 'pep257' to check Python code against some of the docstring style conventions in PEP 257
[0.709s] -- Added test 'uncrustify' to check C / C++ code style
[0.709s] -- Configured uncrustify additional arguments: 
[0.713s] -- Added test 'xmllint' to check XML markup files
[0.713s] -- Configuring done (0.7s)
[0.739s] -- Generating done (0.0s)
[0.767s] -- Build files have been written to: /home/sun/Documents/GitHub/kungshu_hardware_arm/build/kungshu_hardware_arm
[0.775s] Invoked command in '/home/sun/Documents/GitHub/kungshu_hardware_arm/build/kungshu_hardware_arm' returned '0': CMAKE_PREFIX_PATH=${CMAKE_PREFIX_PATH}:/opt/ros/humble /usr/bin/cmake /home/sun/Documents/GitHub/kungshu_hardware_arm -DCMAKE_VERBOSE_MAKEFILE=ON -DCMAKE_INSTALL_PREFIX=/home/sun/Documents/GitHub/kungshu_hardware_arm/install/kungshu_hardware_arm
[0.777s] Invoking command in '/home/sun/Documents/GitHub/kungshu_hardware_arm/build/kungshu_hardware_arm': CMAKE_PREFIX_PATH=${CMAKE_PREFIX_PATH}:/opt/ros/humble /usr/bin/cmake --build /home/sun/Documents/GitHub/kungshu_hardware_arm/build/kungshu_hardware_arm -- -j16 -l16
[0.780s] Change Dir: '/home/sun/Documents/GitHub/kungshu_hardware_arm/build/kungshu_hardware_arm'
[0.780s] 
[0.780s] Run Build Command(s): /usr/bin/cmake -E env VERBOSE=1 /usr/bin/gmake -f Makefile -j16 -l16
[0.784s] /usr/bin/cmake -S/home/sun/Documents/GitHub/kungshu_hardware_arm -B/home/sun/Documents/GitHub/kungshu_hardware_arm/build/kungshu_hardware_arm --check-build-system CMakeFiles/Makefile.cmake 0
[0.790s] /usr/bin/cmake -E cmake_progress_start /home/sun/Documents/GitHub/kungshu_hardware_arm/build/kungshu_hardware_arm/CMakeFiles /home/sun/Documents/GitHub/kungshu_hardware_arm/build/kungshu_hardware_arm//CMakeFiles/progress.marks
[0.792s] /usr/bin/gmake  -f CMakeFiles/Makefile2 all
[0.793s] gmake[1]: Entering directory '/home/sun/Documents/GitHub/kungshu_hardware_arm/build/kungshu_hardware_arm'
[0.794s] /usr/bin/gmake  -f CMakeFiles/arm_node.dir/build.make CMakeFiles/arm_node.dir/depend
[0.794s] /usr/bin/gmake  -f CMakeFiles/test_movej.dir/build.make CMakeFiles/test_movej.dir/depend
[0.794s] /usr/bin/gmake  -f CMakeFiles/hand_test.dir/build.make CMakeFiles/hand_test.dir/depend
[0.795s] gmake[2]: Entering directory '/home/sun/Documents/GitHub/kungshu_hardware_arm/build/kungshu_hardware_arm'
[0.795s] cd /home/sun/Documents/GitHub/kungshu_hardware_arm/build/kungshu_hardware_arm && /usr/bin/cmake -E cmake_depends "Unix Makefiles" /home/sun/Documents/GitHub/kungshu_hardware_arm /home/sun/Documents/GitHub/kungshu_hardware_arm /home/sun/Documents/GitHub/kungshu_hardware_arm/build/kungshu_hardware_arm /home/sun/Documents/GitHub/kungshu_hardware_arm/build/kungshu_hardware_arm /home/sun/Documents/GitHub/kungshu_hardware_arm/build/kungshu_hardware_arm/CMakeFiles/arm_node.dir/DependInfo.cmake "--color=" arm_node
[0.795s] gmake[2]: Entering directory '/home/sun/Documents/GitHub/kungshu_hardware_arm/build/kungshu_hardware_arm'
[0.795s] cd /home/sun/Documents/GitHub/kungshu_hardware_arm/build/kungshu_hardware_arm && /usr/bin/cmake -E cmake_depends "Unix Makefiles" /home/sun/Documents/GitHub/kungshu_hardware_arm /home/sun/Documents/GitHub/kungshu_hardware_arm /home/sun/Documents/GitHub/kungshu_hardware_arm/build/kungshu_hardware_arm /home/sun/Documents/GitHub/kungshu_hardware_arm/build/kungshu_hardware_arm /home/sun/Documents/GitHub/kungshu_hardware_arm/build/kungshu_hardware_arm/CMakeFiles/test_movej.dir/DependInfo.cmake "--color=" test_movej
[0.795s] gmake[2]: Entering directory '/home/sun/Documents/GitHub/kungshu_hardware_arm/build/kungshu_hardware_arm'
[0.795s] cd /home/sun/Documents/GitHub/kungshu_hardware_arm/build/kungshu_hardware_arm && /usr/bin/cmake -E cmake_depends "Unix Makefiles" /home/sun/Documents/GitHub/kungshu_hardware_arm /home/sun/Documents/GitHub/kungshu_hardware_arm /home/sun/Documents/GitHub/kungshu_hardware_arm/build/kungshu_hardware_arm /home/sun/Documents/GitHub/kungshu_hardware_arm/build/kungshu_hardware_arm /home/sun/Documents/GitHub/kungshu_hardware_arm/build/kungshu_hardware_arm/CMakeFiles/hand_test.dir/DependInfo.cmake "--color=" hand_test
[0.798s] Dependencies file "CMakeFiles/arm_node.dir/src/drive.cpp.o.d" is newer than depends file "/home/sun/Documents/GitHub/kungshu_hardware_arm/build/kungshu_hardware_arm/CMakeFiles/arm_node.dir/compiler_depend.internal".
[0.798s] Dependencies file "CMakeFiles/hand_test.dir/src/hand_test.cpp.o.d" is newer than depends file "/home/sun/Documents/GitHub/kungshu_hardware_arm/build/kungshu_hardware_arm/CMakeFiles/hand_test.dir/compiler_depend.internal".
[0.798s] Consolidate compiler generated dependencies of target hand_test
[0.798s] Dependencies file "CMakeFiles/arm_node.dir/src/fieldbus.cpp.o.d" is newer than depends file "/home/sun/Documents/GitHub/kungshu_hardware_arm/build/kungshu_hardware_arm/CMakeFiles/arm_node.dir/compiler_depend.internal".
[0.798s] gmake[2]: Leaving directory '/home/sun/Documents/GitHub/kungshu_hardware_arm/build/kungshu_hardware_arm'
[0.798s] Consolidate compiler generated dependencies of target arm_node
[0.798s] /usr/bin/gmake  -f CMakeFiles/test_movej.dir/build.make CMakeFiles/test_movej.dir/build
[0.799s] gmake[2]: Entering directory '/home/sun/Documents/GitHub/kungshu_hardware_arm/build/kungshu_hardware_arm'
[0.800s] gmake[2]: Leaving directory '/home/sun/Documents/GitHub/kungshu_hardware_arm/build/kungshu_hardware_arm'
[0.800s] /usr/bin/gmake  -f CMakeFiles/hand_test.dir/build.make CMakeFiles/hand_test.dir/build
[0.802s] gmake[2]: Entering directory '/home/sun/Documents/GitHub/kungshu_hardware_arm/build/kungshu_hardware_arm'
[0.802s] gmake[2]: Nothing to be done for 'CMakeFiles/hand_test.dir/build'.
[0.802s] gmake[2]: Leaving directory '/home/sun/Documents/GitHub/kungshu_hardware_arm/build/kungshu_hardware_arm'
[0.802s] [ 11%] Building CXX object CMakeFiles/test_movej.dir/src/test_movej.cpp.o
[0.803s] /usr/bin/c++ -DDEFAULT_RMW_IMPLEMENTATION=rmw_fastrtps_cpp -DFASTCDR_DYN_LINK -DRCUTILS_ENABLE_FAULT_INJECTION -isystem /opt/ros/humble/include/rclcpp -isystem /home/sun/Documents/catkin_work/install/kungshu_msgs/include/kungshu_msgs -isystem /opt/ros/humble/include/ament_index_cpp -isystem /opt/ros/humble/include/libstatistics_collector -isystem /opt/ros/humble/include/builtin_interfaces -isystem /opt/ros/humble/include/rosidl_runtime_c -isystem /opt/ros/humble/include/rcutils -isystem /opt/ros/humble/include/rosidl_typesupport_interface -isystem /opt/ros/humble/include/fastcdr -isystem /opt/ros/humble/include/rosidl_runtime_cpp -isystem /opt/ros/humble/include/rosidl_typesupport_fastrtps_cpp -isystem /opt/ros/humble/include/rmw -isystem /opt/ros/humble/include/rosidl_typesupport_fastrtps_c -isystem /opt/ros/humble/include/rosidl_typesupport_introspection_c -isystem /opt/ros/humble/include/rosidl_typesupport_introspection_cpp -isystem /opt/ros/humble/include/rcl -isystem /opt/ros/humble/include/rcl_interfaces -isystem /opt/ros/humble/include/rcl_logging_interface -isystem /opt/ros/humble/include/rcl_yaml_param_parser -isystem /opt/ros/humble/include/libyaml_vendor -isystem /opt/ros/humble/include/tracetools -isystem /opt/ros/humble/include/rcpputils -isystem /opt/ros/humble/include/statistics_msgs -isystem /opt/ros/humble/include/rosgraph_msgs -isystem /opt/ros/humble/include/rosidl_typesupport_cpp -isystem /opt/ros/humble/include/rosidl_typesupport_c -isystem /opt/ros/humble/include/std_msgs -isystem /opt/ros/humble/include/geometry_msgs -isystem /opt/ros/humble/include/sensor_msgs -Wall -Wextra -Wpedantic -MD -MT CMakeFiles/test_movej.dir/src/test_movej.cpp.o -MF CMakeFiles/test_movej.dir/src/test_movej.cpp.o.d -o CMakeFiles/test_movej.dir/src/test_movej.cpp.o -c /home/sun/Documents/GitHub/kungshu_hardware_arm/src/test_movej.cpp
[0.803s] gmake[2]: Leaving directory '/home/sun/Documents/GitHub/kungshu_hardware_arm/build/kungshu_hardware_arm'
[0.803s] /usr/bin/gmake  -f CMakeFiles/arm_node.dir/build.make CMakeFiles/arm_node.dir/build
[0.804s] [ 33%] Built target hand_test
[0.805s] gmake[2]: Entering directory '/home/sun/Documents/GitHub/kungshu_hardware_arm/build/kungshu_hardware_arm'
[0.809s] [ 44%] Building CXX object CMakeFiles/arm_node.dir/src/main.cpp.o
[0.809s] /usr/bin/c++ -DDEFAULT_RMW_IMPLEMENTATION=rmw_fastrtps_cpp -DFASTCDR_DYN_LINK -DFMT_LOCALE -DFMT_SHARED -DRCUTILS_ENABLE_FAULT_INJECTION -DSPDLOG_COMPILED_LIB -DSPDLOG_FMT_EXTERNAL -DSPDLOG_SHARED_LIB -I/home/sun/Documents/GitHub/kungshu_hardware_arm/include -isystem /opt/ros/humble/include/rclcpp -isystem /home/sun/Documents/catkin_work/install/kungshu_msgs/include/kungshu_msgs -isystem /opt/ros/humble/include -isystem /home/sun/Documents/GitHub/kungshu_hardware_arm/third_party/soem-2.0.0-Linux-x86_64/include -isystem /home/sun/Documents/GitHub/kungshu_hardware_arm/third_party/soem-2.0.0-Linux-x86_64/include/soem -isystem /opt/ros/humble/include/ament_index_cpp -isystem /opt/ros/humble/include/libstatistics_collector -isystem /opt/ros/humble/include/builtin_interfaces -isystem /opt/ros/humble/include/rosidl_runtime_c -isystem /opt/ros/humble/include/rcutils -isystem /opt/ros/humble/include/rosidl_typesupport_interface -isystem /opt/ros/humble/include/fastcdr -isystem /opt/ros/humble/include/rosidl_runtime_cpp -isystem /opt/ros/humble/include/rosidl_typesupport_fastrtps_cpp -isystem /opt/ros/humble/include/rmw -isystem /opt/ros/humble/include/rosidl_typesupport_fastrtps_c -isystem /opt/ros/humble/include/rosidl_typesupport_introspection_c -isystem /opt/ros/humble/include/rosidl_typesupport_introspection_cpp -isystem /opt/ros/humble/include/rcl -isystem /opt/ros/humble/include/rcl_interfaces -isystem /opt/ros/humble/include/rcl_logging_interface -isystem /opt/ros/humble/include/rcl_yaml_param_parser -isystem /opt/ros/humble/include/libyaml_vendor -isystem /opt/ros/humble/include/tracetools -isystem /opt/ros/humble/include/rcpputils -isystem /opt/ros/humble/include/statistics_msgs -isystem /opt/ros/humble/include/rosgraph_msgs -isystem /opt/ros/humble/include/rosidl_typesupport_cpp -isystem /opt/ros/humble/include/rosidl_typesupport_c -isystem /opt/ros/humble/include/std_msgs -isystem /opt/ros/humble/include/geometry_msgs -isystem /opt/ros/humble/include/sensor_msgs -Wall -Wextra -Wpedantic -MD -MT CMakeFiles/arm_node.dir/src/main.cpp.o -MF CMakeFiles/arm_node.dir/src/main.cpp.o.d -o CMakeFiles/arm_node.dir/src/main.cpp.o -c /home/sun/Documents/GitHub/kungshu_hardware_arm/src/main.cpp
[0.809s] [ 55%] Building CXX object CMakeFiles/arm_node.dir/src/arm_node.cpp.o
[0.810s] /usr/bin/c++ -DDEFAULT_RMW_IMPLEMENTATION=rmw_fastrtps_cpp -DFASTCDR_DYN_LINK -DFMT_LOCALE -DFMT_SHARED -DRCUTILS_ENABLE_FAULT_INJECTION -DSPDLOG_COMPILED_LIB -DSPDLOG_FMT_EXTERNAL -DSPDLOG_SHARED_LIB -I/home/sun/Documents/GitHub/kungshu_hardware_arm/include -isystem /opt/ros/humble/include/rclcpp -isystem /home/sun/Documents/catkin_work/install/kungshu_msgs/include/kungshu_msgs -isystem /opt/ros/humble/include -isystem /home/sun/Documents/GitHub/kungshu_hardware_arm/third_party/soem-2.0.0-Linux-x86_64/include -isystem /home/sun/Documents/GitHub/kungshu_hardware_arm/third_party/soem-2.0.0-Linux-x86_64/include/soem -isystem /opt/ros/humble/include/ament_index_cpp -isystem /opt/ros/humble/include/libstatistics_collector -isystem /opt/ros/humble/include/builtin_interfaces -isystem /opt/ros/humble/include/rosidl_runtime_c -isystem /opt/ros/humble/include/rcutils -isystem /opt/ros/humble/include/rosidl_typesupport_interface -isystem /opt/ros/humble/include/fastcdr -isystem /opt/ros/humble/include/rosidl_runtime_cpp -isystem /opt/ros/humble/include/rosidl_typesupport_fastrtps_cpp -isystem /opt/ros/humble/include/rmw -isystem /opt/ros/humble/include/rosidl_typesupport_fastrtps_c -isystem /opt/ros/humble/include/rosidl_typesupport_introspection_c -isystem /opt/ros/humble/include/rosidl_typesupport_introspection_cpp -isystem /opt/ros/humble/include/rcl -isystem /opt/ros/humble/include/rcl_interfaces -isystem /opt/ros/humble/include/rcl_logging_interface -isystem /opt/ros/humble/include/rcl_yaml_param_parser -isystem /opt/ros/humble/include/libyaml_vendor -isystem /opt/ros/humble/include/tracetools -isystem /opt/ros/humble/include/rcpputils -isystem /opt/ros/humble/include/statistics_msgs -isystem /opt/ros/humble/include/rosgraph_msgs -isystem /opt/ros/humble/include/rosidl_typesupport_cpp -isystem /opt/ros/humble/include/rosidl_typesupport_c -isystem /opt/ros/humble/include/std_msgs -isystem /opt/ros/humble/include/geometry_msgs -isystem /opt/ros/humble/include/sensor_msgs -Wall -Wextra -Wpedantic -MD -MT CMakeFiles/arm_node.dir/src/arm_node.cpp.o -MF CMakeFiles/arm_node.dir/src/arm_node.cpp.o.d -o CMakeFiles/arm_node.dir/src/arm_node.cpp.o -c /home/sun/Documents/GitHub/kungshu_hardware_arm/src/arm_node.cpp
[1.020s] /home/sun/Documents/GitHub/kungshu_hardware_arm/src/test_movej.cpp:124:10: fatal error: kungshu_msgs/msg/move_j_command.hpp: No such file or directory
[1.020s]   124 | #include <kungshu_msgs/msg/move_j_command.hpp>
[1.020s]       |          ^~~~~~~~~~~~~~~~~~~~~~~~~~~~~~~~~~~~~
[1.020s] compilation terminated.
[1.025s] gmake[2]: *** [CMakeFiles/test_movej.dir/build.make:82: CMakeFiles/test_movej.dir/src/test_movej.cpp.o] Error 1
[1.025s] gmake[2]: Leaving directory '/home/sun/Documents/GitHub/kungshu_hardware_arm/build/kungshu_hardware_arm'
[1.025s] gmake[1]: *** [CMakeFiles/Makefile2:194: CMakeFiles/test_movej.dir/all] Error 2
[1.025s] gmake[1]: *** Waiting for unfinished jobs....
[1.045s] In file included from /home/sun/Documents/GitHub/kungshu_hardware_arm/src/main.cpp:8:
[1.045s] /home/sun/Documents/GitHub/kungshu_hardware_arm/include/kungshu_hardware_arm/arm_node.h:32:10: fatal error: kungshu_msgs/srv/set_torque_enable.hpp: No such file or directory
[1.045s]    32 | #include "kungshu_msgs/srv/set_torque_enable.hpp"
[1.045s]       |          ^~~~~~~~~~~~~~~~~~~~~~~~~~~~~~~~~~~~~~~~
[1.045s] compilation terminated.
[1.049s] gmake[2]: *** [CMakeFiles/arm_node.dir/build.make:82: CMakeFiles/arm_node.dir/src/main.cpp.o] Error 1
[1.049s] gmake[2]: *** Waiting for unfinished jobs....
[1.050s] In file included from /home/sun/Documents/GitHub/kungshu_hardware_arm/src/arm_node.cpp:5:
[1.050s] /home/sun/Documents/GitHub/kungshu_hardware_arm/include/kungshu_hardware_arm/arm_node.h:32:10: fatal error: kungshu_msgs/srv/set_torque_enable.hpp: No such file or directory
[1.051s]    32 | #include "kungshu_msgs/srv/set_torque_enable.hpp"
[1.051s]       |          ^~~~~~~~~~~~~~~~~~~~~~~~~~~~~~~~~~~~~~~~
[1.051s] compilation terminated.
[1.055s] gmake[2]: *** [CMakeFiles/arm_node.dir/build.make:124: CMakeFiles/arm_node.dir/src/arm_node.cpp.o] Error 1
[1.055s] gmake[2]: Leaving directory '/home/sun/Documents/GitHub/kungshu_hardware_arm/build/kungshu_hardware_arm'
[1.055s] gmake[1]: *** [CMakeFiles/Makefile2:162: CMakeFiles/arm_node.dir/all] Error 2
[1.055s] gmake[1]: Leaving directory '/home/sun/Documents/GitHub/kungshu_hardware_arm/build/kungshu_hardware_arm'
[1.055s] gmake: *** [Makefile:149: all] Error 2
[1.056s] 
[1.057s] Invoked command in '/home/sun/Documents/GitHub/kungshu_hardware_arm/build/kungshu_hardware_arm' returned '2': CMAKE_PREFIX_PATH=${CMAKE_PREFIX_PATH}:/opt/ros/humble /usr/bin/cmake --build /home/sun/Documents/GitHub/kungshu_hardware_arm/build/kungshu_hardware_arm -- -j16 -l16
