[0.010s] Invoking command in '/home/sun/Documents/GitHub/kungshu_hardware_arm/build/kungshu_hardware_arm': CMAKE_PREFIX_PATH=${CMAKE_PREFIX_PATH}:/opt/ros/humble /usr/bin/cmake /home/sun/Documents/GitHub/kungshu_hardware_arm -DCMAKE_INSTALL_PREFIX=/home/sun/Documents/GitHub/kungshu_hardware_arm/install/kungshu_hardware_arm
[0.050s] CMake Deprecation Warning at CMakeLists.txt:1 (cmake_minimum_required):
[0.050s]   Compatibility with CMake < 3.10 will be removed from a future version of
[0.050s]   CMake.
[0.050s] 
[0.051s]   Update the VERSION argument <min> value.  Or, use the <min>...<max> syntax
[0.051s]   to tell CMake that the project requires at least <min> but has been updated
[0.051s]   to work with policies introduced by <max> or earlier.
[0.051s] 
[0.051s] 
[0.065s] -- Found ament_cmake: 1.3.14 (/opt/ros/humble/share/ament_cmake/cmake)
[0.301s] -- Found rclcpp: 16.0.19 (/opt/ros/humble/share/rclcpp/cmake)
[0.355s] -- Found rosidl_generator_c: 3.1.8 (/opt/ros/humble/share/rosidl_generator_c/cmake)
[0.358s] -- Found rosidl_adapter: 3.1.8 (/opt/ros/humble/share/rosidl_adapter/cmake)
[0.365s] -- Found rosidl_generator_cpp: 3.1.8 (/opt/ros/humble/share/rosidl_generator_cpp/cmake)
[0.379s] -- Using all available rosidl_typesupport_c: rosidl_typesupport_fastrtps_c;rosidl_typesupport_introspection_c
[0.398s] -- Using all available rosidl_typesupport_cpp: rosidl_typesupport_fastrtps_cpp;rosidl_typesupport_introspection_cpp
[0.459s] -- Found rmw_implementation_cmake: 6.1.2 (/opt/ros/humble/share/rmw_implementation_cmake/cmake)
[0.460s] -- Found rmw_fastrtps_cpp: 6.2.10 (/opt/ros/humble/share/rmw_fastrtps_cpp/cmake)
[0.638s] -- Using RMW implementation 'rmw_fastrtps_cpp' as default
[0.716s] -- Found kungshu_msgs: 0.0.1 (/home/sun/Documents/catkin_work/install/kungshu_msgs/share/kungshu_msgs/cmake)
[0.809s] -- Found example_interfaces: 0.9.3 (/opt/ros/humble/share/example_interfaces/cmake)
[0.878s] -- Found ament_lint_auto: 0.12.15 (/opt/ros/humble/share/ament_lint_auto/cmake)
[1.003s] -- Added test 'cppcheck' to perform static code analysis on C / C++ code
[1.003s] -- Configured cppcheck include dirs: $<BUILD_INTERFACE:/home/sun/Documents/GitHub/kungshu_hardware_arm/include>
[1.003s] -- Configured cppcheck exclude dirs and/or files: 
[1.005s] -- Added test 'flake8' to check Python code syntax and style conventions
[1.009s] -- Added test 'lint_cmake' to check CMake code style
[1.011s] -- Added test 'pep257' to check Python code against some of the docstring style conventions in PEP 257
[1.024s] -- Added test 'uncrustify' to check C / C++ code style
[1.024s] -- Configured uncrustify additional arguments: 
[1.027s] -- Added test 'xmllint' to check XML markup files
[1.030s] -- Configuring done (1.0s)
[1.062s] -- Generating done (0.0s)
[1.092s] -- Build files have been written to: /home/sun/Documents/GitHub/kungshu_hardware_arm/build/kungshu_hardware_arm
[1.102s] Invoked command in '/home/sun/Documents/GitHub/kungshu_hardware_arm/build/kungshu_hardware_arm' returned '0': CMAKE_PREFIX_PATH=${CMAKE_PREFIX_PATH}:/opt/ros/humble /usr/bin/cmake /home/sun/Documents/GitHub/kungshu_hardware_arm -DCMAKE_INSTALL_PREFIX=/home/sun/Documents/GitHub/kungshu_hardware_arm/install/kungshu_hardware_arm
[1.103s] Invoking command in '/home/sun/Documents/GitHub/kungshu_hardware_arm/build/kungshu_hardware_arm': CMAKE_PREFIX_PATH=${CMAKE_PREFIX_PATH}:/opt/ros/humble /usr/bin/cmake --build /home/sun/Documents/GitHub/kungshu_hardware_arm/build/kungshu_hardware_arm -- -j16 -l16
[1.137s] [ 11%] Building CXX object CMakeFiles/arm_node.dir/src/main.cpp.o
[1.562s] In file included from /home/sun/Documents/GitHub/kungshu_hardware_arm/src/main.cpp:8:
[1.562s] /home/sun/Documents/GitHub/kungshu_hardware_arm/include/kungshu_hardware_arm/arm_node.h:32:10: fatal error: kungshu_msgs/srv/set_torque_enable.hpp: No such file or directory
[1.562s]    32 | #include "kungshu_msgs/srv/set_torque_enable.hpp"
[1.562s]       |          ^~~~~~~~~~~~~~~~~~~~~~~~~~~~~~~~~~~~~~~~
[1.562s] compilation terminated.
[1.566s] gmake[2]: *** [CMakeFiles/arm_node.dir/build.make:79: CMakeFiles/arm_node.dir/src/main.cpp.o] Error 1
[1.566s] gmake[1]: *** [CMakeFiles/Makefile2:159: CMakeFiles/arm_node.dir/all] Error 2
[1.566s] gmake: *** [Makefile:146: all] Error 2
[1.568s] Invoked command in '/home/sun/Documents/GitHub/kungshu_hardware_arm/build/kungshu_hardware_arm' returned '2': CMAKE_PREFIX_PATH=${CMAKE_PREFIX_PATH}:/opt/ros/humble /usr/bin/cmake --build /home/sun/Documents/GitHub/kungshu_hardware_arm/build/kungshu_hardware_arm -- -j16 -l16
