[0.008s] Invoking command in '/home/sun/Documents/GitHub/kungshu_hardware_arm/build/kungshu_hardware_arm': CMAKE_PREFIX_PATH=${CMAKE_PREFIX_PATH}:/opt/ros/humble /usr/bin/cmake /home/sun/Documents/GitHub/kungshu_hardware_arm -DCMAKE_INSTALL_PREFIX=/home/sun/Documents/GitHub/kungshu_hardware_arm/install/kungshu_hardware_arm
[0.032s] CMake Deprecation Warning at CMakeLists.txt:1 (cmake_minimum_required):
[0.033s]   Compatibility with CMake < 3.10 will be removed from a future version of
[0.033s]   CMake.
[0.033s] 
[0.033s]   Update the VERSION argument <min> value.  Or, use the <min>...<max> syntax
[0.033s]   to tell CMake that the project requires at least <min> but has been updated
[0.033s]   to work with policies introduced by <max> or earlier.
[0.033s] 
[0.033s] 
[0.038s] -- Found ament_cmake: 1.3.14 (/opt/ros/humble/share/ament_cmake/cmake)
[0.237s] -- Found rclcpp: 16.0.19 (/opt/ros/humble/share/rclcpp/cmake)
[0.270s] -- Found rosidl_generator_c: 3.1.8 (/opt/ros/humble/share/rosidl_generator_c/cmake)
[0.272s] -- Found rosidl_adapter: 3.1.8 (/opt/ros/humble/share/rosidl_adapter/cmake)
[0.281s] -- Found rosidl_generator_cpp: 3.1.8 (/opt/ros/humble/share/rosidl_generator_cpp/cmake)
[0.291s] -- Using all available rosidl_typesupport_c: rosidl_typesupport_fastrtps_c;rosidl_typesupport_introspection_c
[0.303s] -- Using all available rosidl_typesupport_cpp: rosidl_typesupport_fastrtps_cpp;rosidl_typesupport_introspection_cpp
[0.344s] -- Found rmw_implementation_cmake: 6.1.2 (/opt/ros/humble/share/rmw_implementation_cmake/cmake)
[0.346s] -- Found rmw_fastrtps_cpp: 6.2.10 (/opt/ros/humble/share/rmw_fastrtps_cpp/cmake)
[0.478s] -- Using RMW implementation 'rmw_fastrtps_cpp' as default
[0.541s] -- Found kungshu_msgs: 0.0.1 (/home/sun/Documents/catkin_work/install/kungshu_msgs/share/kungshu_msgs/cmake)
[0.608s] -- Found example_interfaces: 0.9.3 (/opt/ros/humble/share/example_interfaces/cmake)
[0.658s] -- Found ament_lint_auto: 0.12.15 (/opt/ros/humble/share/ament_lint_auto/cmake)
[0.743s] -- Added test 'cppcheck' to perform static code analysis on C / C++ code
[0.744s] -- Configured cppcheck include dirs: $<BUILD_INTERFACE:/home/sun/Documents/GitHub/kungshu_hardware_arm/include>
[0.744s] -- Configured cppcheck exclude dirs and/or files: 
[0.746s] -- Added test 'flake8' to check Python code syntax and style conventions
[0.751s] -- Added test 'lint_cmake' to check CMake code style
[0.754s] -- Added test 'pep257' to check Python code against some of the docstring style conventions in PEP 257
[0.775s] -- Added test 'uncrustify' to check C / C++ code style
[0.775s] -- Configured uncrustify additional arguments: 
[0.779s] -- Added test 'xmllint' to check XML markup files
[0.780s] -- Configuring done (0.8s)
[0.804s] -- Generating done (0.0s)
[0.833s] -- Build files have been written to: /home/sun/Documents/GitHub/kungshu_hardware_arm/build/kungshu_hardware_arm
[0.841s] Invoked command in '/home/sun/Documents/GitHub/kungshu_hardware_arm/build/kungshu_hardware_arm' returned '0': CMAKE_PREFIX_PATH=${CMAKE_PREFIX_PATH}:/opt/ros/humble /usr/bin/cmake /home/sun/Documents/GitHub/kungshu_hardware_arm -DCMAKE_INSTALL_PREFIX=/home/sun/Documents/GitHub/kungshu_hardware_arm/install/kungshu_hardware_arm
[0.843s] Invoking command in '/home/sun/Documents/GitHub/kungshu_hardware_arm/build/kungshu_hardware_arm': CMAKE_PREFIX_PATH=${CMAKE_PREFIX_PATH}:/opt/ros/humble /usr/bin/cmake --build /home/sun/Documents/GitHub/kungshu_hardware_arm/build/kungshu_hardware_arm -- -j16 -l16
[0.846s] Change Dir: '/home/sun/Documents/GitHub/kungshu_hardware_arm/build/kungshu_hardware_arm'
[0.846s] 
[0.846s] Run Build Command(s): /usr/bin/cmake -E env VERBOSE=1 /usr/bin/gmake -f Makefile -j16 -l16
[0.850s] /usr/bin/cmake -S/home/sun/Documents/GitHub/kungshu_hardware_arm -B/home/sun/Documents/GitHub/kungshu_hardware_arm/build/kungshu_hardware_arm --check-build-system CMakeFiles/Makefile.cmake 0
[0.857s] /usr/bin/cmake -E cmake_progress_start /home/sun/Documents/GitHub/kungshu_hardware_arm/build/kungshu_hardware_arm/CMakeFiles /home/sun/Documents/GitHub/kungshu_hardware_arm/build/kungshu_hardware_arm//CMakeFiles/progress.marks
[0.860s] /usr/bin/gmake  -f CMakeFiles/Makefile2 all
[0.861s] gmake[1]: Entering directory '/home/sun/Documents/GitHub/kungshu_hardware_arm/build/kungshu_hardware_arm'
[0.862s] /usr/bin/gmake  -f CMakeFiles/arm_node.dir/build.make CMakeFiles/arm_node.dir/depend
[0.862s] /usr/bin/gmake  -f CMakeFiles/test_movej.dir/build.make CMakeFiles/test_movej.dir/depend
[0.862s] /usr/bin/gmake  -f CMakeFiles/hand_test.dir/build.make CMakeFiles/hand_test.dir/depend
[0.863s] gmake[2]: Entering directory '/home/sun/Documents/GitHub/kungshu_hardware_arm/build/kungshu_hardware_arm'
[0.863s] cd /home/sun/Documents/GitHub/kungshu_hardware_arm/build/kungshu_hardware_arm && /usr/bin/cmake -E cmake_depends "Unix Makefiles" /home/sun/Documents/GitHub/kungshu_hardware_arm /home/sun/Documents/GitHub/kungshu_hardware_arm /home/sun/Documents/GitHub/kungshu_hardware_arm/build/kungshu_hardware_arm /home/sun/Documents/GitHub/kungshu_hardware_arm/build/kungshu_hardware_arm /home/sun/Documents/GitHub/kungshu_hardware_arm/build/kungshu_hardware_arm/CMakeFiles/arm_node.dir/DependInfo.cmake "--color=" arm_node
[0.863s] gmake[2]: Entering directory '/home/sun/Documents/GitHub/kungshu_hardware_arm/build/kungshu_hardware_arm'
[0.863s] cd /home/sun/Documents/GitHub/kungshu_hardware_arm/build/kungshu_hardware_arm && /usr/bin/cmake -E cmake_depends "Unix Makefiles" /home/sun/Documents/GitHub/kungshu_hardware_arm /home/sun/Documents/GitHub/kungshu_hardware_arm /home/sun/Documents/GitHub/kungshu_hardware_arm/build/kungshu_hardware_arm /home/sun/Documents/GitHub/kungshu_hardware_arm/build/kungshu_hardware_arm /home/sun/Documents/GitHub/kungshu_hardware_arm/build/kungshu_hardware_arm/CMakeFiles/test_movej.dir/DependInfo.cmake "--color=" test_movej
[0.863s] gmake[2]: Entering directory '/home/sun/Documents/GitHub/kungshu_hardware_arm/build/kungshu_hardware_arm'
[0.864s] cd /home/sun/Documents/GitHub/kungshu_hardware_arm/build/kungshu_hardware_arm && /usr/bin/cmake -E cmake_depends "Unix Makefiles" /home/sun/Documents/GitHub/kungshu_hardware_arm /home/sun/Documents/GitHub/kungshu_hardware_arm /home/sun/Documents/GitHub/kungshu_hardware_arm/build/kungshu_hardware_arm /home/sun/Documents/GitHub/kungshu_hardware_arm/build/kungshu_hardware_arm /home/sun/Documents/GitHub/kungshu_hardware_arm/build/kungshu_hardware_arm/CMakeFiles/hand_test.dir/DependInfo.cmake "--color=" hand_test
[0.867s] Dependencies file "CMakeFiles/arm_node.dir/src/drive.cpp.o.d" is newer than depends file "/home/sun/Documents/GitHub/kungshu_hardware_arm/build/kungshu_hardware_arm/CMakeFiles/arm_node.dir/compiler_depend.internal".
[0.867s] Dependencies file "CMakeFiles/hand_test.dir/src/hand_test.cpp.o.d" is newer than depends file "/home/sun/Documents/GitHub/kungshu_hardware_arm/build/kungshu_hardware_arm/CMakeFiles/hand_test.dir/compiler_depend.internal".
[0.867s] Dependencies file "CMakeFiles/arm_node.dir/src/fieldbus.cpp.o.d" is newer than depends file "/home/sun/Documents/GitHub/kungshu_hardware_arm/build/kungshu_hardware_arm/CMakeFiles/arm_node.dir/compiler_depend.internal".
[0.868s] Consolidate compiler generated dependencies of target hand_test
[0.868s] Consolidate compiler generated dependencies of target arm_node
[0.868s] gmake[2]: Leaving directory '/home/sun/Documents/GitHub/kungshu_hardware_arm/build/kungshu_hardware_arm'
[0.868s] /usr/bin/gmake  -f CMakeFiles/test_movej.dir/build.make CMakeFiles/test_movej.dir/build
[0.870s] gmake[2]: Leaving directory '/home/sun/Documents/GitHub/kungshu_hardware_arm/build/kungshu_hardware_arm'
[0.870s] gmake[2]: Entering directory '/home/sun/Documents/GitHub/kungshu_hardware_arm/build/kungshu_hardware_arm'
[0.870s] /usr/bin/gmake  -f CMakeFiles/hand_test.dir/build.make CMakeFiles/hand_test.dir/build
[0.873s] gmake[2]: Leaving directory '/home/sun/Documents/GitHub/kungshu_hardware_arm/build/kungshu_hardware_arm'
[0.873s] gmake[2]: Entering directory '/home/sun/Documents/GitHub/kungshu_hardware_arm/build/kungshu_hardware_arm'
[0.873s] gmake[2]: Nothing to be done for 'CMakeFiles/hand_test.dir/build'.
[0.873s] gmake[2]: Leaving directory '/home/sun/Documents/GitHub/kungshu_hardware_arm/build/kungshu_hardware_arm'
[0.873s] /usr/bin/gmake  -f CMakeFiles/arm_node.dir/build.make CMakeFiles/arm_node.dir/build
[0.873s] [ 11%] Building CXX object CMakeFiles/test_movej.dir/src/test_movej.cpp.o
[0.874s] /usr/bin/c++ -DDEFAULT_RMW_IMPLEMENTATION=rmw_fastrtps_cpp -DFASTCDR_DYN_LINK -DRCUTILS_ENABLE_FAULT_INJECTION -isystem /opt/ros/humble/include/rclcpp -isystem /home/sun/Documents/catkin_work/install/kungshu_msgs/include/kungshu_msgs -isystem /opt/ros/humble/include/ament_index_cpp -isystem /opt/ros/humble/include/libstatistics_collector -isystem /opt/ros/humble/include/builtin_interfaces -isystem /opt/ros/humble/include/rosidl_runtime_c -isystem /opt/ros/humble/include/rcutils -isystem /opt/ros/humble/include/rosidl_typesupport_interface -isystem /opt/ros/humble/include/fastcdr -isystem /opt/ros/humble/include/rosidl_runtime_cpp -isystem /opt/ros/humble/include/rosidl_typesupport_fastrtps_cpp -isystem /opt/ros/humble/include/rmw -isystem /opt/ros/humble/include/rosidl_typesupport_fastrtps_c -isystem /opt/ros/humble/include/rosidl_typesupport_introspection_c -isystem /opt/ros/humble/include/rosidl_typesupport_introspection_cpp -isystem /opt/ros/humble/include/rcl -isystem /opt/ros/humble/include/rcl_interfaces -isystem /opt/ros/humble/include/rcl_logging_interface -isystem /opt/ros/humble/include/rcl_yaml_param_parser -isystem /opt/ros/humble/include/libyaml_vendor -isystem /opt/ros/humble/include/tracetools -isystem /opt/ros/humble/include/rcpputils -isystem /opt/ros/humble/include/statistics_msgs -isystem /opt/ros/humble/include/rosgraph_msgs -isystem /opt/ros/humble/include/rosidl_typesupport_cpp -isystem /opt/ros/humble/include/rosidl_typesupport_c -isystem /opt/ros/humble/include/std_msgs -isystem /opt/ros/humble/include/geometry_msgs -isystem /opt/ros/humble/include/sensor_msgs -Wall -Wextra -Wpedantic -MD -MT CMakeFiles/test_movej.dir/src/test_movej.cpp.o -MF CMakeFiles/test_movej.dir/src/test_movej.cpp.o.d -o CMakeFiles/test_movej.dir/src/test_movej.cpp.o -c /home/sun/Documents/GitHub/kungshu_hardware_arm/src/test_movej.cpp
[0.875s] gmake[2]: Entering directory '/home/sun/Documents/GitHub/kungshu_hardware_arm/build/kungshu_hardware_arm'
[0.876s] [ 33%] Built target hand_test
[0.879s] [ 44%] Building CXX object CMakeFiles/arm_node.dir/src/main.cpp.o
[0.879s] /usr/bin/c++ -DDEFAULT_RMW_IMPLEMENTATION=rmw_fastrtps_cpp -DFASTCDR_DYN_LINK -DFMT_LOCALE -DFMT_SHARED -DRCUTILS_ENABLE_FAULT_INJECTION -DSPDLOG_COMPILED_LIB -DSPDLOG_FMT_EXTERNAL -DSPDLOG_SHARED_LIB -I/home/sun/Documents/GitHub/kungshu_hardware_arm/include -isystem /opt/ros/humble/include/rclcpp -isystem /home/sun/Documents/catkin_work/install/kungshu_msgs/include/kungshu_msgs -isystem /opt/ros/humble/include -isystem /home/sun/Documents/GitHub/kungshu_hardware_arm/third_party/soem-2.0.0-Linux-x86_64/include -isystem /home/sun/Documents/GitHub/kungshu_hardware_arm/third_party/soem-2.0.0-Linux-x86_64/include/soem -isystem /opt/ros/humble/include/ament_index_cpp -isystem /opt/ros/humble/include/libstatistics_collector -isystem /opt/ros/humble/include/builtin_interfaces -isystem /opt/ros/humble/include/rosidl_runtime_c -isystem /opt/ros/humble/include/rcutils -isystem /opt/ros/humble/include/rosidl_typesupport_interface -isystem /opt/ros/humble/include/fastcdr -isystem /opt/ros/humble/include/rosidl_runtime_cpp -isystem /opt/ros/humble/include/rosidl_typesupport_fastrtps_cpp -isystem /opt/ros/humble/include/rmw -isystem /opt/ros/humble/include/rosidl_typesupport_fastrtps_c -isystem /opt/ros/humble/include/rosidl_typesupport_introspection_c -isystem /opt/ros/humble/include/rosidl_typesupport_introspection_cpp -isystem /opt/ros/humble/include/rcl -isystem /opt/ros/humble/include/rcl_interfaces -isystem /opt/ros/humble/include/rcl_logging_interface -isystem /opt/ros/humble/include/rcl_yaml_param_parser -isystem /opt/ros/humble/include/libyaml_vendor -isystem /opt/ros/humble/include/tracetools -isystem /opt/ros/humble/include/rcpputils -isystem /opt/ros/humble/include/statistics_msgs -isystem /opt/ros/humble/include/rosgraph_msgs -isystem /opt/ros/humble/include/rosidl_typesupport_cpp -isystem /opt/ros/humble/include/rosidl_typesupport_c -isystem /opt/ros/humble/include/std_msgs -isystem /opt/ros/humble/include/geometry_msgs -isystem /opt/ros/humble/include/sensor_msgs -Wall -Wextra -Wpedantic -MD -MT CMakeFiles/arm_node.dir/src/main.cpp.o -MF CMakeFiles/arm_node.dir/src/main.cpp.o.d -o CMakeFiles/arm_node.dir/src/main.cpp.o -c /home/sun/Documents/GitHub/kungshu_hardware_arm/src/main.cpp
[0.879s] [ 55%] Building CXX object CMakeFiles/arm_node.dir/src/arm_node.cpp.o
[0.879s] /usr/bin/c++ -DDEFAULT_RMW_IMPLEMENTATION=rmw_fastrtps_cpp -DFASTCDR_DYN_LINK -DFMT_LOCALE -DFMT_SHARED -DRCUTILS_ENABLE_FAULT_INJECTION -DSPDLOG_COMPILED_LIB -DSPDLOG_FMT_EXTERNAL -DSPDLOG_SHARED_LIB -I/home/sun/Documents/GitHub/kungshu_hardware_arm/include -isystem /opt/ros/humble/include/rclcpp -isystem /home/sun/Documents/catkin_work/install/kungshu_msgs/include/kungshu_msgs -isystem /opt/ros/humble/include -isystem /home/sun/Documents/GitHub/kungshu_hardware_arm/third_party/soem-2.0.0-Linux-x86_64/include -isystem /home/sun/Documents/GitHub/kungshu_hardware_arm/third_party/soem-2.0.0-Linux-x86_64/include/soem -isystem /opt/ros/humble/include/ament_index_cpp -isystem /opt/ros/humble/include/libstatistics_collector -isystem /opt/ros/humble/include/builtin_interfaces -isystem /opt/ros/humble/include/rosidl_runtime_c -isystem /opt/ros/humble/include/rcutils -isystem /opt/ros/humble/include/rosidl_typesupport_interface -isystem /opt/ros/humble/include/fastcdr -isystem /opt/ros/humble/include/rosidl_runtime_cpp -isystem /opt/ros/humble/include/rosidl_typesupport_fastrtps_cpp -isystem /opt/ros/humble/include/rmw -isystem /opt/ros/humble/include/rosidl_typesupport_fastrtps_c -isystem /opt/ros/humble/include/rosidl_typesupport_introspection_c -isystem /opt/ros/humble/include/rosidl_typesupport_introspection_cpp -isystem /opt/ros/humble/include/rcl -isystem /opt/ros/humble/include/rcl_interfaces -isystem /opt/ros/humble/include/rcl_logging_interface -isystem /opt/ros/humble/include/rcl_yaml_param_parser -isystem /opt/ros/humble/include/libyaml_vendor -isystem /opt/ros/humble/include/tracetools -isystem /opt/ros/humble/include/rcpputils -isystem /opt/ros/humble/include/statistics_msgs -isystem /opt/ros/humble/include/rosgraph_msgs -isystem /opt/ros/humble/include/rosidl_typesupport_cpp -isystem /opt/ros/humble/include/rosidl_typesupport_c -isystem /opt/ros/humble/include/std_msgs -isystem /opt/ros/humble/include/geometry_msgs -isystem /opt/ros/humble/include/sensor_msgs -Wall -Wextra -Wpedantic -MD -MT CMakeFiles/arm_node.dir/src/arm_node.cpp.o -MF CMakeFiles/arm_node.dir/src/arm_node.cpp.o.d -o CMakeFiles/arm_node.dir/src/arm_node.cpp.o -c /home/sun/Documents/GitHub/kungshu_hardware_arm/src/arm_node.cpp
[1.154s] /home/sun/Documents/GitHub/kungshu_hardware_arm/src/test_movej.cpp:124:10: fatal error: kungshu_msgs/msg/move_j_command.hpp: No such file or directory
[1.154s]   124 | #include <kungshu_msgs/msg/move_j_command.hpp>
[1.154s]       |          ^~~~~~~~~~~~~~~~~~~~~~~~~~~~~~~~~~~~~
[1.154s] compilation terminated.
[1.158s] In file included from /home/sun/Documents/GitHub/kungshu_hardware_arm/src/arm_node.cpp:5:
[1.158s] /home/sun/Documents/GitHub/kungshu_hardware_arm/include/kungshu_hardware_arm/arm_node.h:32:10: fatal error: kungshu_msgs/srv/set_torque_enable.hpp: No such file or directory
[1.159s]    32 | #include "kungshu_msgs/srv/set_torque_enable.hpp"
[1.159s]       |          ^~~~~~~~~~~~~~~~~~~~~~~~~~~~~~~~~~~~~~~~
[1.159s] compilation terminated.
[1.166s] gmake[2]: *** [CMakeFiles/arm_node.dir/build.make:124: CMakeFiles/arm_node.dir/src/arm_node.cpp.o] Error 1
[1.167s] gmake[2]: *** [CMakeFiles/test_movej.dir/build.make:82: CMakeFiles/test_movej.dir/src/test_movej.cpp.o] Error 1
[1.167s] gmake[2]: *** Waiting for unfinished jobs....
[1.167s] gmake[2]: Leaving directory '/home/sun/Documents/GitHub/kungshu_hardware_arm/build/kungshu_hardware_arm'
[1.167s] gmake[1]: *** [CMakeFiles/Makefile2:194: CMakeFiles/test_movej.dir/all] Error 2
[1.167s] gmake[1]: *** Waiting for unfinished jobs....
[1.184s] In file included from /home/sun/Documents/GitHub/kungshu_hardware_arm/src/main.cpp:8:
[1.185s] /home/sun/Documents/GitHub/kungshu_hardware_arm/include/kungshu_hardware_arm/arm_node.h:32:10: fatal error: kungshu_msgs/srv/set_torque_enable.hpp: No such file or directory
[1.185s]    32 | #include "kungshu_msgs/srv/set_torque_enable.hpp"
[1.185s]       |          ^~~~~~~~~~~~~~~~~~~~~~~~~~~~~~~~~~~~~~~~
[1.185s] compilation terminated.
[1.188s] gmake[2]: *** [CMakeFiles/arm_node.dir/build.make:82: CMakeFiles/arm_node.dir/src/main.cpp.o] Error 1
[1.188s] gmake[2]: Leaving directory '/home/sun/Documents/GitHub/kungshu_hardware_arm/build/kungshu_hardware_arm'
[1.188s] gmake[1]: *** [CMakeFiles/Makefile2:162: CMakeFiles/arm_node.dir/all] Error 2
[1.188s] gmake[1]: Leaving directory '/home/sun/Documents/GitHub/kungshu_hardware_arm/build/kungshu_hardware_arm'
[1.188s] gmake: *** [Makefile:149: all] Error 2
[1.189s] 
[1.191s] Invoked command in '/home/sun/Documents/GitHub/kungshu_hardware_arm/build/kungshu_hardware_arm' returned '2': CMAKE_PREFIX_PATH=${CMAKE_PREFIX_PATH}:/opt/ros/humble /usr/bin/cmake --build /home/sun/Documents/GitHub/kungshu_hardware_arm/build/kungshu_hardware_arm -- -j16 -l16
